Archive member included to satisfy reference by file (symbol)

c:/program files (x86)/atollic/truestudio for stm32 9.2.0/armtools/bin/../lib/gcc/arm-atollic-eabi/6.3.1/../../../../arm-atollic-eabi/lib/armv7e-m/fpu\libc_nano.a(lib_a-atoi.o)
                              ioLibrary_Driver-master\Internet\FTPClient\ftpc.o (atoi)
c:/program files (x86)/atollic/truestudio for stm32 9.2.0/armtools/bin/../lib/gcc/arm-atollic-eabi/6.3.1/../../../../arm-atollic-eabi/lib/armv7e-m/fpu\libc_nano.a(lib_a-errno.o)
                              Src\syscalls.o (__errno)
c:/program files (x86)/atollic/truestudio for stm32 9.2.0/armtools/bin/../lib/gcc/arm-atollic-eabi/6.3.1/../../../../arm-atollic-eabi/lib/armv7e-m/fpu\libc_nano.a(lib_a-impure.o)
                              c:/program files (x86)/atollic/truestudio for stm32 9.2.0/armtools/bin/../lib/gcc/arm-atollic-eabi/6.3.1/../../../../arm-atollic-eabi/lib/armv7e-m/fpu\libc_nano.a(lib_a-errno.o) (_impure_ptr)
c:/program files (x86)/atollic/truestudio for stm32 9.2.0/armtools/bin/../lib/gcc/arm-atollic-eabi/6.3.1/../../../../arm-atollic-eabi/lib/armv7e-m/fpu\libc_nano.a(lib_a-init.o)
                              startup\startup_stm32f411xe.o (__libc_init_array)
c:/program files (x86)/atollic/truestudio for stm32 9.2.0/armtools/bin/../lib/gcc/arm-atollic-eabi/6.3.1/../../../../arm-atollic-eabi/lib/armv7e-m/fpu\libc_nano.a(lib_a-locale.o)
                              ioLibrary_Driver-master\Internet\FTPServer\ftpd.o (__locale_ctype_ptr)
c:/program files (x86)/atollic/truestudio for stm32 9.2.0/armtools/bin/../lib/gcc/arm-atollic-eabi/6.3.1/../../../../arm-atollic-eabi/lib/armv7e-m/fpu\libc_nano.a(lib_a-malloc.o)
                              ioLibrary_Driver-master\Internet\httpServer\httpServer.o (malloc)
c:/program files (x86)/atollic/truestudio for stm32 9.2.0/armtools/bin/../lib/gcc/arm-atollic-eabi/6.3.1/../../../../arm-atollic-eabi/lib/armv7e-m/fpu\libc_nano.a(lib_a-mbtowc_r.o)
                              c:/program files (x86)/atollic/truestudio for stm32 9.2.0/armtools/bin/../lib/gcc/arm-atollic-eabi/6.3.1/../../../../arm-atollic-eabi/lib/armv7e-m/fpu\libc_nano.a(lib_a-locale.o) (__ascii_mbtowc)
c:/program files (x86)/atollic/truestudio for stm32 9.2.0/armtools/bin/../lib/gcc/arm-atollic-eabi/6.3.1/../../../../arm-atollic-eabi/lib/armv7e-m/fpu\libc_nano.a(lib_a-memcmp.o)
                              ioLibrary_Driver-master\Internet\MQTT\MQTTPacket\src\MQTTConnectServer.o (memcmp)
c:/program files (x86)/atollic/truestudio for stm32 9.2.0/armtools/bin/../lib/gcc/arm-atollic-eabi/6.3.1/../../../../arm-atollic-eabi/lib/armv7e-m/fpu\libc_nano.a(lib_a-memcpy-stub.o)
                              ioLibrary_Driver-master\Internet\MQTT\MQTTClient.o (memcpy)
c:/program files (x86)/atollic/truestudio for stm32 9.2.0/armtools/bin/../lib/gcc/arm-atollic-eabi/6.3.1/../../../../arm-atollic-eabi/lib/armv7e-m/fpu\libc_nano.a(lib_a-memset.o)
                              Src\main.o (memset)
c:/program files (x86)/atollic/truestudio for stm32 9.2.0/armtools/bin/../lib/gcc/arm-atollic-eabi/6.3.1/../../../../arm-atollic-eabi/lib/armv7e-m/fpu\libc_nano.a(lib_a-nano-freer.o)
                              c:/program files (x86)/atollic/truestudio for stm32 9.2.0/armtools/bin/../lib/gcc/arm-atollic-eabi/6.3.1/../../../../arm-atollic-eabi/lib/armv7e-m/fpu\libc_nano.a(lib_a-malloc.o) (_free_r)
c:/program files (x86)/atollic/truestudio for stm32 9.2.0/armtools/bin/../lib/gcc/arm-atollic-eabi/6.3.1/../../../../arm-atollic-eabi/lib/armv7e-m/fpu\libc_nano.a(lib_a-nano-mallocr.o)
                              c:/program files (x86)/atollic/truestudio for stm32 9.2.0/armtools/bin/../lib/gcc/arm-atollic-eabi/6.3.1/../../../../arm-atollic-eabi/lib/armv7e-m/fpu\libc_nano.a(lib_a-malloc.o) (_malloc_r)
c:/program files (x86)/atollic/truestudio for stm32 9.2.0/armtools/bin/../lib/gcc/arm-atollic-eabi/6.3.1/../../../../arm-atollic-eabi/lib/armv7e-m/fpu\libc_nano.a(lib_a-printf.o)
                              Src\main.o (printf)
c:/program files (x86)/atollic/truestudio for stm32 9.2.0/armtools/bin/../lib/gcc/arm-atollic-eabi/6.3.1/../../../../arm-atollic-eabi/lib/armv7e-m/fpu\libc_nano.a(lib_a-putchar.o)
                              ioLibrary_Driver-master\Internet\SNMP\snmp.o (putchar)
c:/program files (x86)/atollic/truestudio for stm32 9.2.0/armtools/bin/../lib/gcc/arm-atollic-eabi/6.3.1/../../../../arm-atollic-eabi/lib/armv7e-m/fpu\libc_nano.a(lib_a-puts.o)
                              Src\main.o (puts)
c:/program files (x86)/atollic/truestudio for stm32 9.2.0/armtools/bin/../lib/gcc/arm-atollic-eabi/6.3.1/../../../../arm-atollic-eabi/lib/armv7e-m/fpu\libc_nano.a(lib_a-sbrkr.o)
                              c:/program files (x86)/atollic/truestudio for stm32 9.2.0/armtools/bin/../lib/gcc/arm-atollic-eabi/6.3.1/../../../../arm-atollic-eabi/lib/armv7e-m/fpu\libc_nano.a(lib_a-nano-mallocr.o) (_sbrk_r)
[...]
Memory Configuration

Name             Origin             Length             Attributes
RAM              0x20000000         0x00020000         xrw
FLASH            0x08000000         0x00080000         xr
*default*        0x00000000         0xffffffff

Linker script and memory map

LOAD c:/program files (x86)/atollic/truestudio for stm32 9.2.0/armtools/bin/../lib/gcc/arm-atollic-eabi/6.3.1/armv7e-m/fpu/crti.o
LOAD c:/program files (x86)/atollic/truestudio for stm32 9.2.0/armtools/bin/../lib/gcc/arm-atollic-eabi/6.3.1/armv7e-m/fpu/crtbegin.o
LOAD Drivers\STM32F4xx_HAL_Driver\Src\stm32f4xx_hal.o
LOAD Drivers\STM32F4xx_HAL_Driver\Src\stm32f4xx_hal_cortex.o
LOAD Drivers\STM32F4xx_HAL_Driver\Src\stm32f4xx_hal_dma.o
LOAD Drivers\STM32F4xx_HAL_Driver\Src\stm32f4xx_hal_dma_ex.o
LOAD Drivers\STM32F4xx_HAL_Driver\Src\stm32f4xx_hal_exti.o
LOAD Drivers\STM32F4xx_HAL_Driver\Src\stm32f4xx_hal_flash.o
LOAD Drivers\STM32F4xx_HAL_Driver\Src\stm32f4xx_hal_flash_ex.o
LOAD Drivers\STM32F4xx_HAL_Driver\Src\stm32f4xx_hal_flash_ramfunc.o
LOAD Drivers\STM32F4xx_HAL_Driver\Src\stm32f4xx_hal_gpio.o
LOAD Drivers\STM32F4xx_HAL_Driver\Src\stm32f4xx_hal_pwr.o
LOAD Drivers\STM32F4xx_HAL_Driver\Src\stm32f4xx_hal_pwr_ex.o
LOAD Drivers\STM32F4xx_HAL_Driver\Src\stm32f4xx_hal_rcc.o
LOAD Drivers\STM32F4xx_HAL_Driver\Src\stm32f4xx_hal_rcc_ex.o
LOAD Drivers\STM32F4xx_HAL_Driver\Src\stm32f4xx_hal_spi.o
LOAD Drivers\STM32F4xx_HAL_Driver\Src\stm32f4xx_hal_tim.o
LOAD Drivers\STM32F4xx_HAL_Driver\Src\stm32f4xx_hal_tim_ex.o
LOAD Drivers\STM32F4xx_HAL_Driver\Src\stm32f4xx_hal_uart.o
LOAD Src\main.o
LOAD Src\stm32f4xx_hal_msp.o
LOAD Src\stm32f4xx_it.o
LOAD Src\syscalls.o
LOAD Src\system_stm32f4xx.o
LOAD ioLibrary_Driver-master\Application\loopback\loopback.o
LOAD ioLibrary_Driver-master\Ethernet\W5100S\w5100s.o
LOAD ioLibrary_Driver-master\Ethernet\W5200\w5200.o
LOAD ioLibrary_Driver-master\Ethernet\W5300\w5300.o
LOAD ioLibrary_Driver-master\Ethernet\W5500\w5500.o
LOAD ioLibrary_Driver-master\Ethernet\socket.o
LOAD ioLibrary_Driver-master\Ethernet\wizchip_conf.o
LOAD ioLibrary_Driver-master\Internet\DHCP\dhcp.o
LOAD ioLibrary_Driver-master\Internet\DNS\dns.o
LOAD ioLibrary_Driver-master\Internet\FTPClient\ftpc.o
LOAD ioLibrary_Driver-master\Internet\FTPServer\ftpd.o
LOAD ioLibrary_Driver-master\Internet\MQTT\MQTTClient.o
LOAD ioLibrary_Driver-master\Internet\MQTT\MQTTPacket\src\MQTTConnectClient.o
LOAD ioLibrary_Driver-master\Internet\MQTT\MQTTPacket\src\MQTTConnectServer.o
LOAD ioLibrary_Driver-master\Internet\MQTT\MQTTPacket\src\MQTTDeserializePublish.o
LOAD ioLibrary_Driver-master\Internet\MQTT\MQTTPacket\src\MQTTFormat.o
LOAD ioLibrary_Driver-master\Internet\MQTT\MQTTPacket\src\MQTTPacket.o
LOAD ioLibrary_Driver-master\Internet\MQTT\MQTTPacket\src\MQTTSerializePublish.o
LOAD ioLibrary_Driver-master\Internet\MQTT\MQTTPacket\src\MQTTSubscribeClient.o
LOAD ioLibrary_Driver-master\Internet\MQTT\MQTTPacket\src\MQTTSubscribeServer.o
LOAD ioLibrary_Driver-master\Internet\MQTT\MQTTPacket\src\MQTTUnsubscribeClient.o
LOAD ioLibrary_Driver-master\Internet\MQTT\MQTTPacket\src\MQTTUnsubscribeServer.o
LOAD ioLibrary_Driver-master\Internet\MQTT\mqtt_interface.o
LOAD ioLibrary_Driver-master\Internet\SNMP\snmp.o
LOAD ioLibrary_Driver-master\Internet\SNMP\snmp_custom.o
LOAD ioLibrary_Driver-master\Internet\SNTP\sntp.o
LOAD ioLibrary_Driver-master\Internet\TFTP\netutil.o
LOAD ioLibrary_Driver-master\Internet\TFTP\tftp.o
LOAD ioLibrary_Driver-master\Internet\httpServer\httpParser.o
LOAD ioLibrary_Driver-master\Internet\httpServer\httpServer.o
LOAD ioLibrary_Driver-master\Internet\httpServer\httpUtil.o
LOAD startup\startup_stm32f411xe.o
                0x00000080                malloc_getpagesize_P = 0x80
START GROUP
LOAD c:/program files (x86)/atollic/truestudio for stm32 9.2.0/armtools/bin/../lib/gcc/arm-atollic-eabi/6.3.1/../../../../arm-atollic-eabi/lib/armv7e-m/fpu\libc_nano.a
LOAD c:/program files (x86)/atollic/truestudio for stm32 9.2.0/armtools/bin/../lib/gcc/arm-atollic-eabi/6.3.1/../../../../arm-atollic-eabi/lib/armv7e-m/fpu\libm.a
END GROUP
START GROUP
LOAD c:/program files (x86)/atollic/truestudio for stm32 9.2.0/armtools/bin/../lib/gcc/arm-atollic-eabi/6.3.1/armv7e-m/fpu\libgcc.a
LOAD c:/program files (x86)/atollic/truestudio for stm32 9.2.0/armtools/bin/../lib/gcc/arm-atollic-eabi/6.3.1/../../../../arm-atollic-eabi/lib/armv7e-m/fpu\libc_nano.a
END GROUP
START GROUP
LOAD c:/program files (x86)/atollic/truestudio for stm32 9.2.0/armtools/bin/../lib/gcc/arm-atollic-eabi/6.3.1/armv7e-m/fpu\libgcc.a
LOAD c:/program files (x86)/atollic/truestudio for stm32 9.2.0/armtools/bin/../lib/gcc/arm-atollic-eabi/6.3.1/../../../../arm-atollic-eabi/lib/armv7e-m/fpu\libc_nano.a
LOAD c:/program files (x86)/atollic/truestudio for stm32 9.2.0/armtools/bin/../lib/gcc/arm-atollic-eabi/6.3.1/../../../../arm-atollic-eabi/lib/armv7e-m/fpu\libnosys.a
END GROUP
START GROUP
LOAD c:/program files (x86)/atollic/truestudio for stm32 9.2.0/armtools/bin/../lib/gcc/arm-atollic-eabi/6.3.1/armv7e-m/fpu\libgcc.a
LOAD c:/program files (x86)/atollic/truestudio for stm32 9.2.0/armtools/bin/../lib/gcc/arm-atollic-eabi/6.3.1/../../../../arm-atollic-eabi/lib/armv7e-m/fpu\libc_nano.a
LOAD c:/program files (x86)/atollic/truestudio for stm32 9.2.0/armtools/bin/../lib/gcc/arm-atollic-eabi/6.3.1/../../../../arm-atollic-eabi/lib/armv7e-m/fpu\libnosys.a
END GROUP
LOAD c:/program files (x86)/atollic/truestudio for stm32 9.2.0/armtools/bin/../lib/gcc/arm-atollic-eabi/6.3.1/armv7e-m/fpu/crtend.o
LOAD c:/program files (x86)/atollic/truestudio for stm32 9.2.0/armtools/bin/../lib/gcc/arm-atollic-eabi/6.3.1/armv7e-m/fpu/crtn.o
                0x20020000                _estack = 0x20020000
                0x00000200                _Min_Heap_Size = 0x200
                0x00000400                _Min_Stack_Size = 0x400

.isr_vector     0x08000000      0x198
                0x08000000                . = ALIGN (0x4)
 *(.isr_vector)
 .isr_vector    0x08000000      0x198 startup\startup_stm32f411xe.o
                0x08000000                g_pfnVectors
                0x08000198                . = ALIGN (0x4)

.text           0x080001a0     0x380c
                0x080001a0                . = ALIGN (0x4)
 *(.text)
 .text          0x080001a0       0x40 c:/program files (x86)/atollic/truestudio for stm32 9.2.0/armtools/bin/../lib/gcc/arm-atollic-eabi/6.3.1/armv7e-m/fpu/crtbegin.o
 .text          0x080001e0       0x10 c:/program files (x86)/atollic/truestudio for stm32 9.2.0/armtools/bin/../lib/gcc/arm-atollic-eabi/6.3.1/../../../../arm-atollic-eabi/lib/armv7e-m/fpu\libc_nano.a(lib_a-strlen.o)
                0x080001e0                strlen
 .text          0x080001f0       0xa0 c:/program files (x86)/atollic/truestudio for stm32 9.2.0/armtools/bin/../lib/gcc/arm-atollic-eabi/6.3.1/../../../../arm-atollic-eabi/lib/armv7e-m/fpu\libc_nano.a(lib_a-memchr.o)
                0x080001f0                memchr
 .text          0x08000290       0x30 c:/program files (x86)/atollic/truestudio for stm32 9.2.0/armtools/bin/../lib/gcc/arm-atollic-eabi/6.3.1/armv7e-m/fpu\libgcc.a(_aeabi_uldivmod.o)
                0x08000290                __aeabi_uldivmod
 .text          0x080002c0      0x2dc c:/program files (x86)/atollic/truestudio for stm32 9.2.0/armtools/bin/../lib/gcc/arm-atollic-eabi/6.3.1/armv7e-m/fpu\libgcc.a(_udivmoddi4.o)
                0x080002c0                __udivmoddi4
 .text          0x0800059c        0x4 c:/program files (x86)/atollic/truestudio for stm32 9.2.0/armtools/bin/../lib/gcc/arm-atollic-eabi/6.3.1/armv7e-m/fpu\libgcc.a(_dvmd_tls.o)
                0x0800059c                __aeabi_idiv0
                0x0800059c                __aeabi_ldiv0
 *(.text*)
 .text.HAL_InitTick
                0x080005a0       0x48 Drivers\STM32F4xx_HAL_Driver\Src\stm32f4xx_hal.o
                0x080005a0                HAL_InitTick
 .text.HAL_Init
                0x080005e8       0x34 Drivers\STM32F4xx_HAL_Driver\Src\stm32f4xx_hal.o
                0x080005e8                HAL_Init
 .text.HAL_IncTick
                0x0800061c       0x18 Drivers\STM32F4xx_HAL_Driver\Src\stm32f4xx_hal.o
                0x0800061c                HAL_IncTick
 .text.HAL_GetTick
                0x08000634        0xc Drivers\STM32F4xx_HAL_Driver\Src\stm32f4xx_hal.o
                0x08000634                HAL_GetTick
 .text.HAL_NVIC_SetPriorityGrouping
                0x08000640       0x24 Drivers\STM32F4xx_HAL_Driver\Src\stm32f4xx_hal_cortex.o
                0x08000640                HAL_NVIC_SetPriorityGrouping
 .text.HAL_NVIC_SetPriority
                0x08000664       0x68 Drivers\STM32F4xx_HAL_Driver\Src\stm32f4xx_hal_cortex.o
                0x08000664                HAL_NVIC_SetPriority
 .text.HAL_NVIC_EnableIRQ
                0x080006cc       0x1c Drivers\STM32F4xx_HAL_Driver\Src\stm32f4xx_hal_cortex.o
                0x080006cc                HAL_NVIC_EnableIRQ
 .text.HAL_SYSTICK_Config
                0x080006e8       0x2c Drivers\STM32F4xx_HAL_Driver\Src\stm32f4xx_hal_cortex.o
                0x080006e8                HAL_SYSTICK_Config
 .text.HAL_DMA_Abort_IT
                0x08000714       0x24 Drivers\STM32F4xx_HAL_Driver\Src\stm32f4xx_hal_dma.o
                0x08000714                HAL_DMA_Abort_IT
 .text.HAL_GPIO_Init
                0x08000738      0x1ac Drivers\STM32F4xx_HAL_Driver\Src\stm32f4xx_hal_gpio.o
                0x08000738                HAL_GPIO_Init
 .text.HAL_GPIO_WritePin
                0x080008e4        0xa Drivers\STM32F4xx_HAL_Driver\Src\stm32f4xx_hal_gpio.o
                0x080008e4                HAL_GPIO_WritePin
 *fill*         0x080008ee        0x2 
 .text.HAL_RCC_OscConfig
                0x080008f0      0x304 Drivers\STM32F4xx_HAL_Driver\Src\stm32f4xx_hal_rcc.o
                0x080008f0                HAL_RCC_OscConfig
 .text.HAL_RCC_GetSysClockFreq
                0x08000bf4       0x5c Drivers\STM32F4xx_HAL_Driver\Src\stm32f4xx_hal_rcc.o
                0x08000bf4                HAL_RCC_GetSysClockFreq
 .text.HAL_RCC_ClockConfig
                0x08000c50      0x134 Drivers\STM32F4xx_HAL_Driver\Src\stm32f4xx_hal_rcc.o
                0x08000c50                HAL_RCC_ClockConfig
 .text.HAL_RCC_GetPCLK1Freq
                0x08000d84       0x20 Drivers\STM32F4xx_HAL_Driver\Src\stm32f4xx_hal_rcc.o
                0x08000d84                HAL_RCC_GetPCLK1Freq
 .text.HAL_RCC_GetPCLK2Freq
                0x08000da4       0x20 Drivers\STM32F4xx_HAL_Driver\Src\stm32f4xx_hal_rcc.o
                0x08000da4                HAL_RCC_GetPCLK2Freq
 .text.SPI_WaitFlagStateUntilTimeout.constprop.9
                0x08000dc4       0x76 Drivers\STM32F4xx_HAL_Driver\Src\stm32f4xx_hal_spi.o
 *fill*         0x08000e3a        0x2 
 .text.SPI_EndRxTxTransaction
                0x08000e3c       0x5c Drivers\STM32F4xx_HAL_Driver\Src\stm32f4xx_hal_spi.o
 .text.HAL_SPI_Init
                0x08000e98       0x7a Drivers\STM32F4xx_HAL_Driver\Src\stm32f4xx_hal_spi.o
                0x08000e98                HAL_SPI_Init
 .text.HAL_SPI_TransmitReceive
                0x08000f12      0x1e0 Drivers\STM32F4xx_HAL_Driver\Src\stm32f4xx_hal_spi.o
                0x08000f12                HAL_SPI_TransmitReceive
 .text.UART_EndRxTransfer
                0x080010f2       0x1a Drivers\STM32F4xx_HAL_Driver\Src\stm32f4xx_hal_uart.o
 .text.UART_SetConfig
                0x0800110c      0x234 Drivers\STM32F4xx_HAL_Driver\Src\stm32f4xx_hal_uart.o
 .text.UART_WaitOnFlagUntilTimeout.constprop.3
                0x08001340       0x50 Drivers\STM32F4xx_HAL_Driver\Src\stm32f4xx_hal_uart.o
 .text.HAL_UART_Init
                0x08001390       0x5c Drivers\STM32F4xx_HAL_Driver\Src\stm32f4xx_hal_uart.o
                0x08001390                HAL_UART_Init
 .text.HAL_UART_Transmit
                0x080013ec       0xba Drivers\STM32F4xx_HAL_Driver\Src\stm32f4xx_hal_uart.o
                0x080013ec                HAL_UART_Transmit
 .text.HAL_UART_Receive_IT
                0x080014a6       0x4e Drivers\STM32F4xx_HAL_Driver\Src\stm32f4xx_hal_uart.o
                0x080014a6                HAL_UART_Receive_IT
 .text.HAL_UART_TxCpltCallback
                0x080014f4        0x2 Drivers\STM32F4xx_HAL_Driver\Src\stm32f4xx_hal_uart.o
                0x080014f4                HAL_UART_TxCpltCallback
 .text.UART_Receive_IT
                0x080014f6       0x7c Drivers\STM32F4xx_HAL_Driver\Src\stm32f4xx_hal_uart.o
 .text.HAL_UART_ErrorCallback
                0x08001572        0x2 Drivers\STM32F4xx_HAL_Driver\Src\stm32f4xx_hal_uart.o
                0x08001572                HAL_UART_ErrorCallback
 .text.HAL_UART_IRQHandler
                0x08001574      0x140 Drivers\STM32F4xx_HAL_Driver\Src\stm32f4xx_hal_uart.o
                0x08001574                HAL_UART_IRQHandler
 .text.UART_DMAAbortOnError
                0x080016b4       0x10 Drivers\STM32F4xx_HAL_Driver\Src\stm32f4xx_hal_uart.o
 .text.csEnable
                0x080016c4       0x10 Src\main.o
                0x080016c4                csEnable
 .text.csDisable
                0x080016d4       0x10 Src\main.o
                0x080016d4                csDisable
 .text.spiWriteByte
                0x080016e4       0x24 Src\main.o
                0x080016e4                spiWriteByte
 .text.spiReadByte
                0x08001708       0x30 Src\main.o
                0x08001708                spiReadByte
 .text._write   0x08001738       0x28 Src\main.o
                0x08001738                _write
 .text.HAL_UART_RxCpltCallback
                0x08001760       0x2c Src\main.o
                0x08001760                HAL_UART_RxCpltCallback
 .text.W5500_Initialze
                0x0800178c       0x8c Src\main.o
                0x0800178c                W5500_Initialze
 .text.print_network_information
                0x08001818       0x80 Src\main.o
                0x08001818                print_network_information
 .text.SystemClock_Config
                0x08001898       0x8c Src\main.o
                0x08001898                SystemClock_Config
 .text.startup.main
                0x08001924      0x190 Src\main.o
                0x08001924                main
 .text.HAL_MspInit
                0x08001ab4       0x40 Src\stm32f4xx_hal_msp.o
                0x08001ab4                HAL_MspInit
 .text.HAL_SPI_MspInit
                0x08001af4       0x6c Src\stm32f4xx_hal_msp.o
                0x08001af4                HAL_SPI_MspInit
 .text.HAL_UART_MspInit
                0x08001b60       0x80 Src\stm32f4xx_hal_msp.o
                0x08001b60                HAL_UART_MspInit
 .text.NMI_Handler
                0x08001be0        0x2 Src\stm32f4xx_it.o
                0x08001be0                NMI_Handler
 .text.HardFault_Handler
                0x08001be2        0x2 Src\stm32f4xx_it.o
                0x08001be2                HardFault_Handler
 .text.MemManage_Handler
                0x08001be4        0x2 Src\stm32f4xx_it.o
                0x08001be4                MemManage_Handler
 .text.BusFault_Handler
                0x08001be6        0x2 Src\stm32f4xx_it.o
                0x08001be6                BusFault_Handler
 .text.UsageFault_Handler
                0x08001be8        0x2 Src\stm32f4xx_it.o
                0x08001be8                UsageFault_Handler
 .text.SVC_Handler
                0x08001bea        0x2 Src\stm32f4xx_it.o
                0x08001bea                SVC_Handler
 .text.DebugMon_Handler
                0x08001bec        0x2 Src\stm32f4xx_it.o
                0x08001bec                DebugMon_Handler
 .text.PendSV_Handler
                0x08001bee        0x2 Src\stm32f4xx_it.o
                0x08001bee                PendSV_Handler
 .text.SysTick_Handler
                0x08001bf0        0x4 Src\stm32f4xx_it.o
                0x08001bf0                SysTick_Handler
 .text.USART2_IRQHandler
                0x08001bf4        0xc Src\stm32f4xx_it.o
                0x08001bf4                USART2_IRQHandler
 .text._read    0x08001c00       0x1c Src\syscalls.o
                0x08001c00                _read
 .text._sbrk    0x08001c1c       0x34 Src\syscalls.o
                0x08001c1c                _sbrk
 .text._close   0x08001c50        0x6 Src\syscalls.o
                0x08001c50                _close
 .text._fstat   0x08001c56        0xa Src\syscalls.o
                0x08001c56                _fstat
 .text._isatty  0x08001c60        0x4 Src\syscalls.o
                0x08001c60                _isatty
 .text._lseek   0x08001c64        0x4 Src\syscalls.o
                0x08001c64                _lseek
 .text.SystemInit
                0x08001c68       0x4c Src\system_stm32f4xx.o
                0x08001c68                SystemInit
 .text.loopback_tcps
                0x08001cb4      0x144 ioLibrary_Driver-master\Application\loopback\loopback.o
                0x08001cb4                loopback_tcps
 .text.WIZCHIP_READ
                0x08001df8       0x58 ioLibrary_Driver-master\Ethernet\W5500\w5500.o
                0x08001df8                WIZCHIP_READ
 .text.WIZCHIP_WRITE
                0x08001e50       0x60 ioLibrary_Driver-master\Ethernet\W5500\w5500.o
                0x08001e50                WIZCHIP_WRITE
 .text.WIZCHIP_READ_BUF
                0x08001eb0       0x78 ioLibrary_Driver-master\Ethernet\W5500\w5500.o
                0x08001eb0                WIZCHIP_READ_BUF
 .text.WIZCHIP_WRITE_BUF
                0x08001f28       0x78 ioLibrary_Driver-master\Ethernet\W5500\w5500.o
                0x08001f28                WIZCHIP_WRITE_BUF
 .text.getSn_TX_FSR
                0x08001fa0       0x42 ioLibrary_Driver-master\Ethernet\W5500\w5500.o
                0x08001fa0                getSn_TX_FSR
 .text.getSn_RX_RSR
                0x08001fe2       0x42 ioLibrary_Driver-master\Ethernet\W5500\w5500.o
                0x08001fe2                getSn_RX_RSR
 .text.wiz_send_data
                0x08002024       0x58 ioLibrary_Driver-master\Ethernet\W5500\w5500.o
                0x08002024                wiz_send_data
 .text.wiz_recv_data
                0x0800207c       0x58 ioLibrary_Driver-master\Ethernet\W5500\w5500.o
                0x0800207c                wiz_recv_data
 .text.close    0x080020d4       0x78 ioLibrary_Driver-master\Ethernet\socket.o
                0x080020d4                close
 .text.socket   0x0800214c      0x124 ioLibrary_Driver-master\Ethernet\socket.o
                0x0800214c                socket
 .text.listen   0x08002270       0x6a ioLibrary_Driver-master\Ethernet\socket.o
                0x08002270                listen
 *fill*         0x080022da        0x2 
 .text.disconnect
                0x080022dc       0x88 ioLibrary_Driver-master\Ethernet\socket.o
                0x080022dc                disconnect
 .text.send     0x08002364      0x11c ioLibrary_Driver-master\Ethernet\socket.o
                0x08002364                send
 .text.recv     0x08002480       0xe0 ioLibrary_Driver-master\Ethernet\socket.o
                0x08002480                recv
 .text.wizchip_cs_deselect
                0x08002560        0x2 ioLibrary_Driver-master\Ethernet\wizchip_conf.o
                0x08002560                wizchip_cs_deselect
 .text.wizchip_bus_readdata
                0x08002562        0x4 ioLibrary_Driver-master\Ethernet\wizchip_conf.o
                0x08002562                wizchip_bus_readdata
 .text.wizchip_bus_writedata
                0x08002566        0x4 ioLibrary_Driver-master\Ethernet\wizchip_conf.o
                0x08002566                wizchip_bus_writedata
 .text.wizchip_spi_readbyte
                0x0800256a        0x4 ioLibrary_Driver-master\Ethernet\wizchip_conf.o
                0x0800256a                wizchip_spi_readbyte
 .text.wizchip_spi_writebyte
                0x0800256e        0x2 ioLibrary_Driver-master\Ethernet\wizchip_conf.o
                0x0800256e                wizchip_spi_writebyte
 .text.wizchip_cris_enter
                0x08002570        0x2 ioLibrary_Driver-master\Ethernet\wizchip_conf.o
                0x08002570                wizchip_cris_enter
 .text.wizchip_cris_exit
                0x08002572        0x2 ioLibrary_Driver-master\Ethernet\wizchip_conf.o
                0x08002572                wizchip_cris_exit
 .text.wizchip_cs_select
                0x08002574        0x2 ioLibrary_Driver-master\Ethernet\wizchip_conf.o
                0x08002574                wizchip_cs_select
 *fill*         0x08002576        0x2 
 .text.reg_wizchip_cs_cbfunc
                0x08002578       0x24 ioLibrary_Driver-master\Ethernet\wizchip_conf.o
                0x08002578                reg_wizchip_cs_cbfunc
 .text.reg_wizchip_spi_cbfunc
                0x0800259c       0x30 ioLibrary_Driver-master\Ethernet\wizchip_conf.o
                0x0800259c                reg_wizchip_spi_cbfunc
 .text.wizchip_sw_reset
                0x080025cc       0x7a ioLibrary_Driver-master\Ethernet\wizchip_conf.o
                0x080025cc                wizchip_sw_reset
 .text.wizchip_init
                0x08002646       0x7c ioLibrary_Driver-master\Ethernet\wizchip_conf.o
                0x08002646                wizchip_init
 .text.wizchip_clrinterrupt
                0x080026c2       0x1e ioLibrary_Driver-master\Ethernet\wizchip_conf.o
                0x080026c2                wizchip_clrinterrupt
 .text.wizchip_getinterrupt
                0x080026e0       0x22 ioLibrary_Driver-master\Ethernet\wizchip_conf.o
                0x080026e0                wizchip_getinterrupt
 .text.wizchip_setinterruptmask
                0x08002702       0x1c ioLibrary_Driver-master\Ethernet\wizchip_conf.o
                0x08002702                wizchip_setinterruptmask
 .text.wizchip_getinterruptmask
                0x0800271e       0x1c ioLibrary_Driver-master\Ethernet\wizchip_conf.o
                0x0800271e                wizchip_getinterruptmask
 .text.wizphy_getphylink
                0x0800273a       0x10 ioLibrary_Driver-master\Ethernet\wizchip_conf.o
                0x0800273a                wizphy_getphylink
 .text.wizphy_getphypmode
                0x0800274a       0x18 ioLibrary_Driver-master\Ethernet\wizchip_conf.o
                0x0800274a                wizphy_getphypmode
 .text.wizphy_reset
                0x08002762       0x30 ioLibrary_Driver-master\Ethernet\wizchip_conf.o
                0x08002762                wizphy_reset
 .text.wizphy_setphyconf
                0x08002792       0x46 ioLibrary_Driver-master\Ethernet\wizchip_conf.o
                0x08002792                wizphy_setphyconf
 .text.wizphy_getphyconf
                0x080027d8       0x68 ioLibrary_Driver-master\Ethernet\wizchip_conf.o
                0x080027d8                wizphy_getphyconf
 .text.wizphy_setphypmode
                0x08002840       0x4e ioLibrary_Driver-master\Ethernet\wizchip_conf.o
                0x08002840                wizphy_setphypmode
 *fill*         0x0800288e        0x2 
 .text.ctlwizchip
                0x08002890       0xdc ioLibrary_Driver-master\Ethernet\wizchip_conf.o
                0x08002890                ctlwizchip
 .text.wizchip_setnetinfo
                0x0800296c       0x5c ioLibrary_Driver-master\Ethernet\wizchip_conf.o
                0x0800296c                wizchip_setnetinfo
 .text.wizchip_getnetinfo
                0x080029c8       0x5c ioLibrary_Driver-master\Ethernet\wizchip_conf.o
                0x080029c8                wizchip_getnetinfo
 .text.Reset_Handler
                0x08002a24       0x50 startup\startup_stm32f411xe.o
                0x08002a24                Reset_Handler
 .text.Default_Handler
                0x08002a74        0x2 startup\startup_stm32f411xe.o
                0x08002a74                RTC_Alarm_IRQHandler
                0x08002a74                EXTI2_IRQHandler
                0x08002a74                SPI4_IRQHandler
                0x08002a74                TIM1_CC_IRQHandler
                0x08002a74                DMA2_Stream5_IRQHandler
                0x08002a74                DMA1_Stream5_IRQHandler
                0x08002a74                PVD_IRQHandler
                0x08002a74                SDIO_IRQHandler
                0x08002a74                TAMP_STAMP_IRQHandler
                0x08002a74                EXTI3_IRQHandler
                0x08002a74                TIM1_UP_TIM10_IRQHandler
                0x08002a74                I2C3_ER_IRQHandler
                0x08002a74                EXTI0_IRQHandler
                0x08002a74                I2C2_EV_IRQHandler
                0x08002a74                DMA1_Stream2_IRQHandler
                0x08002a74                FPU_IRQHandler
                0x08002a74                DMA2_Stream2_IRQHandler
                0x08002a74                SPI1_IRQHandler
                0x08002a74                TIM1_BRK_TIM9_IRQHandler
                0x08002a74                DMA2_Stream3_IRQHandler
                0x08002a74                USART6_IRQHandler
                0x08002a74                DMA2_Stream0_IRQHandler
                0x08002a74                TIM4_IRQHandler
                0x08002a74                I2C1_EV_IRQHandler
                0x08002a74                DMA1_Stream6_IRQHandler
                0x08002a74                DMA1_Stream1_IRQHandler
                0x08002a74                TIM3_IRQHandler
                0x08002a74                RCC_IRQHandler
                0x08002a74                Default_Handler
                0x08002a74                EXTI15_10_IRQHandler
                0x08002a74                ADC_IRQHandler
                0x08002a74                DMA1_Stream7_IRQHandler
                0x08002a74                SPI5_IRQHandler
                0x08002a74                TIM5_IRQHandler
                0x08002a74                DMA2_Stream7_IRQHandler
                0x08002a74                I2C3_EV_IRQHandler
                0x08002a74                EXTI9_5_IRQHandler
                0x08002a74                RTC_WKUP_IRQHandler
                0x08002a74                SPI2_IRQHandler
                0x08002a74                DMA1_Stream0_IRQHandler
                0x08002a74                EXTI4_IRQHandler
                0x08002a74                WWDG_IRQHandler
                0x08002a74                TIM2_IRQHandler
                0x08002a74                OTG_FS_WKUP_IRQHandler
                0x08002a74                TIM1_TRG_COM_TIM11_IRQHandler
                0x08002a74                EXTI1_IRQHandler
                0x08002a74                I2C2_ER_IRQHandler
                0x08002a74                DMA2_Stream1_IRQHandler
                0x08002a74                FLASH_IRQHandler
                0x08002a74                DMA2_Stream4_IRQHandler
                0x08002a74                USART1_IRQHandler
                0x08002a74                OTG_FS_IRQHandler
                0x08002a74                SPI3_IRQHandler
                0x08002a74                DMA1_Stream4_IRQHandler
                0x08002a74                I2C1_ER_IRQHandler
                0x08002a74                DMA2_Stream6_IRQHandler
                0x08002a74                DMA1_Stream3_IRQHandler
 *fill*         0x08002a76        0x2 
 .text.__errno  0x08002a78        0xc c:/program files (x86)/atollic/truestudio for stm32 9.2.0/armtools/bin/../lib/gcc/arm-atollic-eabi/6.3.1/../../../../arm-atollic-eabi/lib/armv7e-m/fpu\libc_nano.a(lib_a-errno.o)
                0x08002a78                __errno
 .text.__libc_init_array
                0x08002a84       0x48 c:/program files (x86)/atollic/truestudio for stm32 9.2.0/armtools/bin/../lib/gcc/arm-atollic-eabi/6.3.1/../../../../arm-atollic-eabi/lib/armv7e-m/fpu\libc_nano.a(lib_a-init.o)
                0x08002a84                __libc_init_array
 .text.memset   0x08002acc       0x10 c:/program files (x86)/atollic/truestudio for stm32 9.2.0/armtools/bin/../lib/gcc/arm-atollic-eabi/6.3.1/../../../../arm-atollic-eabi/lib/armv7e-m/fpu\libc_nano.a(lib_a-memset.o)
                0x08002acc                memset
 .text._free_r  0x08002adc       0x9c c:/program files (x86)/atollic/truestudio for stm32 9.2.0/armtools/bin/../lib/gcc/arm-atollic-eabi/6.3.1/../../../../arm-atollic-eabi/lib/armv7e-m/fpu\libc_nano.a(lib_a-nano-freer.o)
                0x08002adc                _free_r
 .text._malloc_r
                0x08002b78       0xbc c:/program files (x86)/atollic/truestudio for stm32 9.2.0/armtools/bin/../lib/gcc/arm-atollic-eabi/6.3.1/../../../../arm-atollic-eabi/lib/armv7e-m/fpu\libc_nano.a(lib_a-nano-mallocr.o)
                0x08002b78                _malloc_r
 .text.printf   0x08002c34       0x30 c:/program files (x86)/atollic/truestudio for stm32 9.2.0/armtools/bin/../lib/gcc/arm-atollic-eabi/6.3.1/../../../../arm-atollic-eabi/lib/armv7e-m/fpu\libc_nano.a(lib_a-printf.o)
                0x08002c34                iprintf
                0x08002c34                printf
 .text._puts_r  0x08002c64       0xb8 c:/program files (x86)/atollic/truestudio for stm32 9.2.0/armtools/bin/../lib/gcc/arm-atollic-eabi/6.3.1/../../../../arm-atollic-eabi/lib/armv7e-m/fpu\libc_nano.a(lib_a-puts.o)
                0x08002c64                _puts_r
 .text.puts     0x08002d1c       0x10 c:/program files (x86)/atollic/truestudio for stm32 9.2.0/armtools/bin/../lib/gcc/arm-atollic-eabi/6.3.1/../../../../arm-atollic-eabi/lib/armv7e-m/fpu\libc_nano.a(lib_a-puts.o)
                0x08002d1c                puts
 .text._sbrk_r  0x08002d2c       0x20 c:/program files (x86)/atollic/truestudio for stm32 9.2.0/armtools/bin/../lib/gcc/arm-atollic-eabi/6.3.1/../../../../arm-atollic-eabi/lib/armv7e-m/fpu\libc_nano.a(lib_a-sbrkr.o)
                0x08002d2c                _sbrk_r
 .text.__sread  0x08002d4c       0x22 c:/program files (x86)/atollic/truestudio for stm32 9.2.0/armtools/bin/../lib/gcc/arm-atollic-eabi/6.3.1/../../../../arm-atollic-eabi/lib/armv7e-m/fpu\libc_nano.a(lib_a-stdio.o)
                0x08002d4c                __sread
 .text.__swrite
                0x08002d6e       0x38 c:/program files (x86)/atollic/truestudio for stm32 9.2.0/armtools/bin/../lib/gcc/arm-atollic-eabi/6.3.1/../../../../arm-atollic-eabi/lib/armv7e-m/fpu\libc_nano.a(lib_a-stdio.o)
                0x08002d6e                __swrite
 .text.__sseek  0x08002da6       0x24 c:/program files (x86)/atollic/truestudio for stm32 9.2.0/armtools/bin/../lib/gcc/arm-atollic-eabi/6.3.1/../../../../arm-atollic-eabi/lib/armv7e-m/fpu\libc_nano.a(lib_a-stdio.o)
                0x08002da6                __sseek
 .text.__sclose
                0x08002dca        0x8 c:/program files (x86)/atollic/truestudio for stm32 9.2.0/armtools/bin/../lib/gcc/arm-atollic-eabi/6.3.1/../../../../arm-atollic-eabi/lib/armv7e-m/fpu\libc_nano.a(lib_a-stdio.o)
                0x08002dca                __sclose
 *fill*         0x08002dd2        0x2 
 .text.__swbuf_r
                0x08002dd4       0xa4 c:/program files (x86)/atollic/truestudio for stm32 9.2.0/armtools/bin/../lib/gcc/arm-atollic-eabi/6.3.1/../../../../arm-atollic-eabi/lib/armv7e-m/fpu\libc_nano.a(lib_a-wbuf.o)
                0x08002dd4                __swbuf_r
 .text._write_r
                0x08002e78       0x24 c:/program files (x86)/atollic/truestudio for stm32 9.2.0/armtools/bin/../lib/gcc/arm-atollic-eabi/6.3.1/../../../../arm-atollic-eabi/lib/armv7e-m/fpu\libc_nano.a(lib_a-writer.o)
                0x08002e78                _write_r
 .text.__swsetup_r
                0x08002e9c       0xdc c:/program files (x86)/atollic/truestudio for stm32 9.2.0/armtools/bin/../lib/gcc/arm-atollic-eabi/6.3.1/../../../../arm-atollic-eabi/lib/armv7e-m/fpu\libc_nano.a(lib_a-wsetup.o)
                0x08002e9c                __swsetup_r
 .text._close_r
                0x08002f78       0x20 c:/program files (x86)/atollic/truestudio for stm32 9.2.0/armtools/bin/../lib/gcc/arm-atollic-eabi/6.3.1/../../../../arm-atollic-eabi/lib/armv7e-m/fpu\libc_nano.a(lib_a-closer.o)
                0x08002f78                _close_r
 .text.__sflush_r
                0x08002f98      0x110 c:/program files (x86)/atollic/truestudio for stm32 9.2.0/armtools/bin/../lib/gcc/arm-atollic-eabi/6.3.1/../../../../arm-atollic-eabi/lib/armv7e-m/fpu\libc_nano.a(lib_a-fflush.o)
                0x08002f98                __sflush_r
 .text._fflush_r
                0x080030a8       0x54 c:/program files (x86)/atollic/truestudio for stm32 9.2.0/armtools/bin/../lib/gcc/arm-atollic-eabi/6.3.1/../../../../arm-atollic-eabi/lib/armv7e-m/fpu\libc_nano.a(lib_a-fflush.o)
                0x080030a8                _fflush_r
 .text._cleanup_r
                0x080030fc        0xc c:/program files (x86)/atollic/truestudio for stm32 9.2.0/armtools/bin/../lib/gcc/arm-atollic-eabi/6.3.1/../../../../arm-atollic-eabi/lib/armv7e-m/fpu\libc_nano.a(lib_a-findfp.o)
                0x080030fc                _cleanup_r
 .text.std.isra.0
                0x08003108       0x48 c:/program files (x86)/atollic/truestudio for stm32 9.2.0/armtools/bin/../lib/gcc/arm-atollic-eabi/6.3.1/../../../../arm-atollic-eabi/lib/armv7e-m/fpu\libc_nano.a(lib_a-findfp.o)
 .text.__sfmoreglue
                0x08003150       0x2c c:/program files (x86)/atollic/truestudio for stm32 9.2.0/armtools/bin/../lib/gcc/arm-atollic-eabi/6.3.1/../../../../arm-atollic-eabi/lib/armv7e-m/fpu\libc_nano.a(lib_a-findfp.o)
                0x08003150                __sfmoreglue
 .text.__sinit  0x0800317c       0x60 c:/program files (x86)/atollic/truestudio for stm32 9.2.0/armtools/bin/../lib/gcc/arm-atollic-eabi/6.3.1/../../../../arm-atollic-eabi/lib/armv7e-m/fpu\libc_nano.a(lib_a-findfp.o)
                0x0800317c                __sinit
 .text.__sfp    0x080031dc       0x78 c:/program files (x86)/atollic/truestudio for stm32 9.2.0/armtools/bin/../lib/gcc/arm-atollic-eabi/6.3.1/../../../../arm-atollic-eabi/lib/armv7e-m/fpu\libc_nano.a(lib_a-findfp.o)
                0x080031dc                __sfp
 .text._fwalk_reent
                0x08003254       0x3c c:/program files (x86)/atollic/truestudio for stm32 9.2.0/armtools/bin/../lib/gcc/arm-atollic-eabi/6.3.1/../../../../arm-atollic-eabi/lib/armv7e-m/fpu\libc_nano.a(lib_a-fwalk.o)
                0x08003254                _fwalk_reent
 .text._lseek_r
                0x08003290       0x24 c:/program files (x86)/atollic/truestudio for stm32 9.2.0/armtools/bin/../lib/gcc/arm-atollic-eabi/6.3.1/../../../../arm-atollic-eabi/lib/armv7e-m/fpu\libc_nano.a(lib_a-lseekr.o)
                0x08003290                _lseek_r
 .text.__swhatbuf_r
                0x080032b4       0x48 c:/program files (x86)/atollic/truestudio for stm32 9.2.0/armtools/bin/../lib/gcc/arm-atollic-eabi/6.3.1/../../../../arm-atollic-eabi/lib/armv7e-m/fpu\libc_nano.a(lib_a-makebuf.o)
                0x080032b4                __swhatbuf_r
 .text.__smakebuf_r
                0x080032fc       0x80 c:/program files (x86)/atollic/truestudio for stm32 9.2.0/armtools/bin/../lib/gcc/arm-atollic-eabi/6.3.1/../../../../arm-atollic-eabi/lib/armv7e-m/fpu\libc_nano.a(lib_a-makebuf.o)
                0x080032fc                __smakebuf_r
 .text.__malloc_lock
                0x0800337c        0x2 c:/program files (x86)/atollic/truestudio for stm32 9.2.0/armtools/bin/../lib/gcc/arm-atollic-eabi/6.3.1/../../../../arm-atollic-eabi/lib/armv7e-m/fpu\libc_nano.a(lib_a-mlock.o)
                0x0800337c                __malloc_lock
 .text.__malloc_unlock
                0x0800337e        0x2 c:/program files (x86)/atollic/truestudio for stm32 9.2.0/armtools/bin/../lib/gcc/arm-atollic-eabi/6.3.1/../../../../arm-atollic-eabi/lib/armv7e-m/fpu\libc_nano.a(lib_a-mlock.o)
                0x0800337e                __malloc_unlock
 .text.__sfputc_r
                0x08003380       0x30 c:/program files (x86)/atollic/truestudio for stm32 9.2.0/armtools/bin/../lib/gcc/arm-atollic-eabi/6.3.1/../../../../arm-atollic-eabi/lib/armv7e-m/fpu\libc_nano.a(lib_a-nano-vfprintf.o)
 .text.__sfputs_r
                0x080033b0       0x24 c:/program files (x86)/atollic/truestudio for stm32 9.2.0/armtools/bin/../lib/gcc/arm-atollic-eabi/6.3.1/../../../../arm-atollic-eabi/lib/armv7e-m/fpu\libc_nano.a(lib_a-nano-vfprintf.o)
                0x080033b0                __sfputs_r
 .text._vfprintf_r
                0x080033d4      0x22c c:/program files (x86)/atollic/truestudio for stm32 9.2.0/armtools/bin/../lib/gcc/arm-atollic-eabi/6.3.1/../../../../arm-atollic-eabi/lib/armv7e-m/fpu\libc_nano.a(lib_a-nano-vfprintf.o)
                0x080033d4                _vfprintf_r
                0x080033d4                _vfiprintf_r
 .text._printf_common
                0x08003600       0xec c:/program files (x86)/atollic/truestudio for stm32 9.2.0/armtools/bin/../lib/gcc/arm-atollic-eabi/6.3.1/../../../../arm-atollic-eabi/lib/armv7e-m/fpu\libc_nano.a(lib_a-nano-vfprintf_i.o)
                0x08003600                _printf_common
 .text._printf_i
                0x080036ec      0x240 c:/program files (x86)/atollic/truestudio for stm32 9.2.0/armtools/bin/../lib/gcc/arm-atollic-eabi/6.3.1/../../../../arm-atollic-eabi/lib/armv7e-m/fpu\libc_nano.a(lib_a-nano-vfprintf_i.o)
                0x080036ec                _printf_i
 .text._read_r  0x0800392c       0x24 c:/program files (x86)/atollic/truestudio for stm32 9.2.0/armtools/bin/../lib/gcc/arm-atollic-eabi/6.3.1/../../../../arm-atollic-eabi/lib/armv7e-m/fpu\libc_nano.a(lib_a-readr.o)
                0x0800392c                _read_r
 .text._fstat_r
                0x08003950       0x24 c:/program files (x86)/atollic/truestudio for stm32 9.2.0/armtools/bin/../lib/gcc/arm-atollic-eabi/6.3.1/../../../../arm-atollic-eabi/lib/armv7e-m/fpu\libc_nano.a(lib_a-fstatr.o)
                0x08003950                _fstat_r
 .text._isatty_r
                0x08003974       0x20 c:/program files (x86)/atollic/truestudio for stm32 9.2.0/armtools/bin/../lib/gcc/arm-atollic-eabi/6.3.1/../../../../arm-atollic-eabi/lib/armv7e-m/fpu\libc_nano.a(lib_a-isattyr.o)
                0x08003974                _isatty_r
 *(.glue_7)
 .glue_7        0x08003994        0x0 linker stubs
 *(.glue_7t)
 .glue_7t       0x08003994        0x0 linker stubs
 *(.eh_frame)
 .eh_frame      0x08003994        0x0 c:/program files (x86)/atollic/truestudio for stm32 9.2.0/armtools/bin/../lib/gcc/arm-atollic-eabi/6.3.1/armv7e-m/fpu/crtbegin.o
 *(.init)
 .init          0x08003994        0x4 c:/program files (x86)/atollic/truestudio for stm32 9.2.0/armtools/bin/../lib/gcc/arm-atollic-eabi/6.3.1/armv7e-m/fpu/crti.o
                0x08003994                _init
 .init          0x08003998        0x8 c:/program files (x86)/atollic/truestudio for stm32 9.2.0/armtools/bin/../lib/gcc/arm-atollic-eabi/6.3.1/armv7e-m/fpu/crtn.o
 *(.fini)
 .fini          0x080039a0        0x4 c:/program files (x86)/atollic/truestudio for stm32 9.2.0/armtools/bin/../lib/gcc/arm-atollic-eabi/6.3.1/armv7e-m/fpu/crti.o
                0x080039a0                _fini
 .fini          0x080039a4        0x8 c:/program files (x86)/atollic/truestudio for stm32 9.2.0/armtools/bin/../lib/gcc/arm-atollic-eabi/6.3.1/armv7e-m/fpu/crtn.o
                0x080039ac                . = ALIGN (0x4)
                0x080039ac                _etext = .

.vfp11_veneer   0x080039ac        0x0
 .vfp11_veneer  0x080039ac        0x0 linker stubs

.v4_bx          0x080039ac        0x0
 .v4_bx         0x080039ac        0x0 linker stubs

.iplt           0x080039ac        0x0
 .iplt          0x080039ac        0x0 c:/program files (x86)/atollic/truestudio for stm32 9.2.0/armtools/bin/../lib/gcc/arm-atollic-eabi/6.3.1/armv7e-m/fpu/crtbegin.o

.rodata         0x080039ac      0x238
                0x080039ac                . = ALIGN (0x4)
 *(.rodata)
 .rodata        0x080039ac       0x10 Src\main.o
 *(.rodata*)
 .rodata.W5500_Initialze.str1.1
                0x080039bc       0x37 Src\main.o
 .rodata.main.str1.1
                0x080039f3       0x46 Src\main.o
 .rodata.print_network_information.str1.1
                0x08003a39       0x99 Src\main.o
 .rodata.AHBPrescTable
                0x08003ad2       0x10 Src\system_stm32f4xx.o
                0x08003ad2                AHBPrescTable
 .rodata.APBPrescTable
                0x08003ae2        0x8 Src\system_stm32f4xx.o
                0x08003ae2                APBPrescTable
 .rodata.loopback_tcps.str1.1
                0x08003aea       0x61 ioLibrary_Driver-master\Application\loopback\loopback.o
 *fill*         0x08003b4b        0x1 
 .rodata._global_impure_ptr
                0x08003b4c        0x4 c:/program files (x86)/atollic/truestudio for stm32 9.2.0/armtools/bin/../lib/gcc/arm-atollic-eabi/6.3.1/../../../../arm-atollic-eabi/lib/armv7e-m/fpu\libc_nano.a(lib_a-impure.o)
                0x08003b4c                _global_impure_ptr
 .rodata.__sf_fake_stderr
                0x08003b50       0x20 c:/program files (x86)/atollic/truestudio for stm32 9.2.0/armtools/bin/../lib/gcc/arm-atollic-eabi/6.3.1/../../../../arm-atollic-eabi/lib/armv7e-m/fpu\libc_nano.a(lib_a-findfp.o)
                0x08003b50                __sf_fake_stderr
 .rodata.__sf_fake_stdin
                0x08003b70       0x20 c:/program files (x86)/atollic/truestudio for stm32 9.2.0/armtools/bin/../lib/gcc/arm-atollic-eabi/6.3.1/../../../../arm-atollic-eabi/lib/armv7e-m/fpu\libc_nano.a(lib_a-findfp.o)
                0x08003b70                __sf_fake_stdin
 .rodata.__sf_fake_stdout
                0x08003b90       0x20 c:/program files (x86)/atollic/truestudio for stm32 9.2.0/armtools/bin/../lib/gcc/arm-atollic-eabi/6.3.1/../../../../arm-atollic-eabi/lib/armv7e-m/fpu\libc_nano.a(lib_a-findfp.o)
                0x08003b90                __sf_fake_stdout
 .rodata._vfprintf_r.str1.1
                0x08003bb0       0x11 c:/program files (x86)/atollic/truestudio for stm32 9.2.0/armtools/bin/../lib/gcc/arm-atollic-eabi/6.3.1/../../../../arm-atollic-eabi/lib/armv7e-m/fpu\libc_nano.a(lib_a-nano-vfprintf.o)
 .rodata._printf_i.str1.1
                0x08003bc1       0x22 c:/program files (x86)/atollic/truestudio for stm32 9.2.0/armtools/bin/../lib/gcc/arm-atollic-eabi/6.3.1/../../../../arm-atollic-eabi/lib/armv7e-m/fpu\libc_nano.a(lib_a-nano-vfprintf_i.o)
                0x08003be4                . = ALIGN (0x4)
 *fill*         0x08003be3        0x1 

.ARM.extab
 *(.ARM.extab* .gnu.linkonce.armextab.*)

.ARM            0x08003be4        0x8
                0x08003be4                __exidx_start = .
 *(.ARM.exidx*)
 .ARM.exidx     0x08003be4        0x8 c:/program files (x86)/atollic/truestudio for stm32 9.2.0/armtools/bin/../lib/gcc/arm-atollic-eabi/6.3.1/armv7e-m/fpu\libgcc.a(_udivmoddi4.o)
                0x08003bec                __exidx_end = .

.rel.dyn        0x08003bec        0x0
 .rel.iplt      0x08003bec        0x0 c:/program files (x86)/atollic/truestudio for stm32 9.2.0/armtools/bin/../lib/gcc/arm-atollic-eabi/6.3.1/armv7e-m/fpu/crtbegin.o

.preinit_array  0x08003bec        0x0
                0x08003bec                PROVIDE (__preinit_array_start, .)
 *(.preinit_array*)
                0x08003bec                PROVIDE (__preinit_array_end, .)

.init_array     0x08003bec        0x4
                0x08003bec                PROVIDE (__init_array_start, .)
 *(SORT(.init_array.*))
 *(.init_array*)
 .init_array    0x08003bec        0x4 c:/program files (x86)/atollic/truestudio for stm32 9.2.0/armtools/bin/../lib/gcc/arm-atollic-eabi/6.3.1/armv7e-m/fpu/crtbegin.o
                0x08003bf0                PROVIDE (__init_array_end, .)

.fini_array     0x08003bf0        0x4
                [!provide]                PROVIDE (__fini_array_start, .)
 *(SORT(.fini_array.*))
 *(.fini_array*)
 .fini_array    0x08003bf0        0x4 c:/program files (x86)/atollic/truestudio for stm32 9.2.0/armtools/bin/../lib/gcc/arm-atollic-eabi/6.3.1/armv7e-m/fpu/crtbegin.o
                [!provide]                PROVIDE (__fini_array_end, .)
                0x08003bf4                _sidata = LOADADDR (.data)

.data           0x20000000       0xb8 load address 0x08003bf4
                0x20000000                . = ALIGN (0x4)
                0x20000000                _sdata = .
 *(.data)
 *(.data*)
 .data.uwTickFreq
                0x20000000        0x1 Drivers\STM32F4xx_HAL_Driver\Src\stm32f4xx_hal.o
                0x20000000                uwTickFreq
 *fill*         0x20000001        0x3 
 .data.uwTickPrio
                0x20000004        0x4 Drivers\STM32F4xx_HAL_Driver\Src\stm32f4xx_hal.o
                0x20000004                uwTickPrio
 .data.defaultNetInfo
                0x20000008       0x17 Src\main.o
                0x20000008                defaultNetInfo
 *fill*         0x2000001f        0x1 
 .data.SystemCoreClock
                0x20000020        0x4 Src\system_stm32f4xx.o
                0x20000020                SystemCoreClock
 .data.sock_any_port
                0x20000024        0x2 ioLibrary_Driver-master\Ethernet\socket.o
 *fill*         0x20000026        0x2 
 .data.WIZCHIP  0x20000028       0x2c ioLibrary_Driver-master\Ethernet\wizchip_conf.o
                0x20000028                WIZCHIP
 .data._impure_ptr
                0x20000054        0x4 c:/program files (x86)/atollic/truestudio for stm32 9.2.0/armtools/bin/../lib/gcc/arm-atollic-eabi/6.3.1/../../../../arm-atollic-eabi/lib/armv7e-m/fpu\libc_nano.a(lib_a-impure.o)
                0x20000054                _impure_ptr
 .data.impure_data
                0x20000058       0x60 c:/program files (x86)/atollic/truestudio for stm32 9.2.0/armtools/bin/../lib/gcc/arm-atollic-eabi/6.3.1/../../../../arm-atollic-eabi/lib/armv7e-m/fpu\libc_nano.a(lib_a-impure.o)
                0x200000b8                . = ALIGN (0x4)
                0x200000b8                _edata = .

.igot.plt       0x200000b8        0x0 load address 0x08003cac
 .igot.plt      0x200000b8        0x0 c:/program files (x86)/atollic/truestudio for stm32 9.2.0/armtools/bin/../lib/gcc/arm-atollic-eabi/6.3.1/armv7e-m/fpu/crtbegin.o
                0x200000b8                . = ALIGN (0x4)

.bss            0x200000b8      0x2f0 load address 0x08003cac
                0x200000b8                _sbss = .
                0x200000b8                __bss_start__ = _sbss
 *(.bss)
 .bss           0x200000b8       0x1c c:/program files (x86)/atollic/truestudio for stm32 9.2.0/armtools/bin/../lib/gcc/arm-atollic-eabi/6.3.1/armv7e-m/fpu/crtbegin.o
 *(.bss*)
 .bss.heap_end.7010
                0x200000d4        0x4 Src\syscalls.o
 .bss.sock_io_mode
                0x200000d8        0x2 ioLibrary_Driver-master\Ethernet\socket.o
 .bss.sock_is_sending
                0x200000da        0x2 ioLibrary_Driver-master\Ethernet\socket.o
 .bss.sock_pack_info
                0x200000dc        0x8 ioLibrary_Driver-master\Ethernet\socket.o
                0x200000dc                sock_pack_info
 .bss.sock_remained_size
                0x200000e4       0x10 ioLibrary_Driver-master\Ethernet\socket.o
 .bss._DHCP_    0x200000f4        0x1 ioLibrary_Driver-master\Ethernet\wizchip_conf.o
 .bss._DNS_     0x200000f5        0x4 ioLibrary_Driver-master\Ethernet\wizchip_conf.o
 *fill*         0x200000f9        0x3 
 .bss.__malloc_free_list
                0x200000fc        0x4 c:/program files (x86)/atollic/truestudio for stm32 9.2.0/armtools/bin/../lib/gcc/arm-atollic-eabi/6.3.1/../../../../arm-atollic-eabi/lib/armv7e-m/fpu\libc_nano.a(lib_a-nano-mallocr.o)
                0x200000fc                __malloc_free_list
 .bss.__malloc_sbrk_start
                0x20000100        0x4 c:/program files (x86)/atollic/truestudio for stm32 9.2.0/armtools/bin/../lib/gcc/arm-atollic-eabi/6.3.1/../../../../arm-atollic-eabi/lib/armv7e-m/fpu\libc_nano.a(lib_a-nano-mallocr.o)
                0x20000100                __malloc_sbrk_start
 *(COMMON)
 COMMON         0x20000104        0x4 Drivers\STM32F4xx_HAL_Driver\Src\stm32f4xx_hal.o
                0x20000104                uwTick
 COMMON         0x20000108      0x29c Src\main.o
                0x20000108                rxData
                0x2000010a                eth0_buf
                0x2000030c                hspi1
                0x20000364                huart2
 COMMON         0x200003a4        0x4 c:/program files (x86)/atollic/truestudio for stm32 9.2.0/armtools/bin/../lib/gcc/arm-atollic-eabi/6.3.1/../../../../arm-atollic-eabi/lib/armv7e-m/fpu\libc_nano.a(lib_a-reent.o)
                0x200003a4                errno
                0x200003a8                . = ALIGN (0x4)
                0x200003a8                _ebss = .
                0x200003a8                __bss_end__ = _ebss

._user_heap_stack
                0x200003a8      0x600 load address 0x08003cac
                0x200003a8                . = ALIGN (0x4)
                0x200003a8                PROVIDE (end, .)
                [!provide]                PROVIDE (_end, .)
                0x200005a8                . = (. + _Min_Heap_Size)
 *fill*         0x200003a8      0x200 
                0x200009a8                . = (. + _Min_Stack_Size)
 *fill*         0x200005a8      0x400 
                0x200009a8                . = ALIGN (0x4)

/DISCARD/
 libc.a(*)
 libm.a(*)
 libgcc.a(*)

.ARM.attributes
                0x00000000       0x30
 *(.ARM.attributes)
 .ARM.attributes
                0x00000000       0x22 c:/program files (x86)/atollic/truestudio for stm32 9.2.0/armtools/bin/../lib/gcc/arm-atollic-eabi/6.3.1/armv7e-m/fpu/crti.o
 .ARM.attributes
                0x00000022       0x34 c:/program files (x86)/atollic/truestudio for stm32 9.2.0/armtools/bin/../lib/gcc/arm-atollic-eabi/6.3.1/armv7e-m/fpu/crtbegin.o
 .ARM.attributes
                0x00000056       0x39 Drivers\STM32F4xx_HAL_Driver\Src\stm32f4xx_hal.o
 .ARM.attributes
                0x0000008f       0x39 Drivers\STM32F4xx_HAL_Driver\Src\stm32f4xx_hal_cortex.o
 .ARM.attributes
                0x000000c8       0x39 Drivers\STM32F4xx_HAL_Driver\Src\stm32f4xx_hal_dma.o
 .ARM.attributes
                0x00000101       0x39 Drivers\STM32F4xx_HAL_Driver\Src\stm32f4xx_hal_gpio.o
 .ARM.attributes
                0x0000013a       0x39 Drivers\STM32F4xx_HAL_Driver\Src\stm32f4xx_hal_rcc.o
 .ARM.attributes
                0x00000173       0x39 Drivers\STM32F4xx_HAL_Driver\Src\stm32f4xx_hal_spi.o
 .ARM.attributes
                0x000001ac       0x39 Drivers\STM32F4xx_HAL_Driver\Src\stm32f4xx_hal_uart.o
 .ARM.attributes
                0x000001e5       0x39 Src\main.o
 .ARM.attributes
                0x0000021e       0x39 Src\stm32f4xx_hal_msp.o
 .ARM.attributes
                0x00000257       0x39 Src\stm32f4xx_it.o
 .ARM.attributes
                0x00000290       0x39 Src\syscalls.o
 .ARM.attributes
                0x000002c9       0x39 Src\system_stm32f4xx.o
 .ARM.attributes
                0x00000302       0x39 ioLibrary_Driver-master\Application\loopback\loopback.o
 .ARM.attributes
                0x0000033b       0x39 ioLibrary_Driver-master\Ethernet\W5500\w5500.o
 .ARM.attributes
                0x00000374       0x39 ioLibrary_Driver-master\Ethernet\socket.o
 .ARM.attributes
                0x000003ad       0x39 ioLibrary_Driver-master\Ethernet\wizchip_conf.o
 .ARM.attributes
                0x000003e6       0x21 startup\startup_stm32f411xe.o
 .ARM.attributes
                0x00000407       0x34 c:/program files (x86)/atollic/truestudio for stm32 9.2.0/armtools/bin/../lib/gcc/arm-atollic-eabi/6.3.1/../../../../arm-atollic-eabi/lib/armv7e-m/fpu\libc_nano.a(lib_a-errno.o)
 .ARM.attributes
                0x0000043b       0x34 c:/program files (x86)/atollic/truestudio for stm32 9.2.0/armtools/bin/../lib/gcc/arm-atollic-eabi/6.3.1/../../../../arm-atollic-eabi/lib/armv7e-m/fpu\libc_nano.a(lib_a-impure.o)
 .ARM.attributes
                0x0000046f       0x34 c:/program files (x86)/atollic/truestudio for stm32 9.2.0/armtools/bin/../lib/gcc/arm-atollic-eabi/6.3.1/../../../../arm-atollic-eabi/lib/armv7e-m/fpu\libc_nano.a(lib_a-init.o)
 .ARM.attributes
                0x000004a3       0x34 c:/program files (x86)/atollic/truestudio for stm32 9.2.0/armtools/bin/../lib/gcc/arm-atollic-eabi/6.3.1/../../../../arm-atollic-eabi/lib/armv7e-m/fpu\libc_nano.a(lib_a-memset.o)
 .ARM.attributes
                0x000004d7       0x34 c:/program files (x86)/atollic/truestudio for stm32 9.2.0/armtools/bin/../lib/gcc/arm-atollic-eabi/6.3.1/../../../../arm-atollic-eabi/lib/armv7e-m/fpu\libc_nano.a(lib_a-nano-freer.o)
 .ARM.attributes
                0x0000050b       0x34 c:/program files (x86)/atollic/truestudio for stm32 9.2.0/armtools/bin/../lib/gcc/arm-atollic-eabi/6.3.1/../../../../arm-atollic-eabi/lib/armv7e-m/fpu\libc_nano.a(lib_a-nano-mallocr.o)
 .ARM.attributes
                0x0000053f       0x34 c:/program files (x86)/atollic/truestudio for stm32 9.2.0/armtools/bin/../lib/gcc/arm-atollic-eabi/6.3.1/../../../../arm-atollic-eabi/lib/armv7e-m/fpu\libc_nano.a(lib_a-printf.o)
 .ARM.attributes
                0x00000573       0x34 c:/program files (x86)/atollic/truestudio for stm32 9.2.0/armtools/bin/../lib/gcc/arm-atollic-eabi/6.3.1/../../../../arm-atollic-eabi/lib/armv7e-m/fpu\libc_nano.a(lib_a-puts.o)
 .ARM.attributes
                0x000005a7       0x34 c:/program files (x86)/atollic/truestudio for stm32 9.2.0/armtools/bin/../lib/gcc/arm-atollic-eabi/6.3.1/../../../../arm-atollic-eabi/lib/armv7e-m/fpu\libc_nano.a(lib_a-sbrkr.o)
 .ARM.attributes
                0x000005db       0x34 c:/program files (x86)/atollic/truestudio for stm32 9.2.0/armtools/bin/../lib/gcc/arm-atollic-eabi/6.3.1/../../../../arm-atollic-eabi/lib/armv7e-m/fpu\libc_nano.a(lib_a-stdio.o)
 .ARM.attributes
                0x0000060f       0x1b c:/program files (x86)/atollic/truestudio for stm32 9.2.0/armtools/bin/../lib/gcc/arm-atollic-eabi/6.3.1/../../../../arm-atollic-eabi/lib/armv7e-m/fpu\libc_nano.a(lib_a-strlen.o)
 .ARM.attributes
                0x0000062a       0x34 c:/program files (x86)/atollic/truestudio for stm32 9.2.0/armtools/bin/../lib/gcc/arm-atollic-eabi/6.3.1/../../../../arm-atollic-eabi/lib/armv7e-m/fpu\libc_nano.a(lib_a-wbuf.o)
 .ARM.attributes
                0x0000065e       0x34 c:/program files (x86)/atollic/truestudio for stm32 9.2.0/armtools/bin/../lib/gcc/arm-atollic-eabi/6.3.1/../../../../arm-atollic-eabi/lib/armv7e-m/fpu\libc_nano.a(lib_a-writer.o)
 .ARM.attributes
                0x00000692       0x34 c:/program files (x86)/atollic/truestudio for stm32 9.2.0/armtools/bin/../lib/gcc/arm-atollic-eabi/6.3.1/../../../../arm-atollic-eabi/lib/armv7e-m/fpu\libc_nano.a(lib_a-wsetup.o)
 .ARM.attributes
                0x000006c6       0x34 c:/program files (x86)/atollic/truestudio for stm32 9.2.0/armtools/bin/../lib/gcc/arm-atollic-eabi/6.3.1/../../../../arm-atollic-eabi/lib/armv7e-m/fpu\libc_nano.a(lib_a-closer.o)
 .ARM.attributes
                0x000006fa       0x34 c:/program files (x86)/atollic/truestudio for stm32 9.2.0/armtools/bin/../lib/gcc/arm-atollic-eabi/6.3.1/../../../../arm-atollic-eabi/lib/armv7e-m/fpu\libc_nano.a(lib_a-fflush.o)
 .ARM.attributes
                0x0000072e       0x34 c:/program files (x86)/atollic/truestudio for stm32 9.2.0/armtools/bin/../lib/gcc/arm-atollic-eabi/6.3.1/../../../../arm-atollic-eabi/lib/armv7e-m/fpu\libc_nano.a(lib_a-findfp.o)
 .ARM.attributes
                0x00000762       0x34 c:/program files (x86)/atollic/truestudio for stm32 9.2.0/armtools/bin/../lib/gcc/arm-atollic-eabi/6.3.1/../../../../arm-atollic-eabi/lib/armv7e-m/fpu\libc_nano.a(lib_a-fwalk.o)
 .ARM.attributes
                0x00000796       0x34 c:/program files (x86)/atollic/truestudio for stm32 9.2.0/armtools/bin/../lib/gcc/arm-atollic-eabi/6.3.1/../../../../arm-atollic-eabi/lib/armv7e-m/fpu\libc_nano.a(lib_a-lseekr.o)
 .ARM.attributes
                0x000007ca       0x34 c:/program files (x86)/atollic/truestudio for stm32 9.2.0/armtools/bin/../lib/gcc/arm-atollic-eabi/6.3.1/../../../../arm-atollic-eabi/lib/armv7e-m/fpu\libc_nano.a(lib_a-makebuf.o)
 .ARM.attributes
                0x000007fe       0x34 c:/program files (x86)/atollic/truestudio for stm32 9.2.0/armtools/bin/../lib/gcc/arm-atollic-eabi/6.3.1/../../../../arm-atollic-eabi/lib/armv7e-m/fpu\libc_nano.a(lib_a-mlock.o)
 .ARM.attributes
                0x00000832       0x34 c:/program files (x86)/atollic/truestudio for stm32 9.2.0/armtools/bin/../lib/gcc/arm-atollic-eabi/6.3.1/../../../../arm-atollic-eabi/lib/armv7e-m/fpu\libc_nano.a(lib_a-nano-vfprintf.o)
 .ARM.attributes
                0x00000866       0x34 c:/program files (x86)/atollic/truestudio for stm32 9.2.0/armtools/bin/../lib/gcc/arm-atollic-eabi/6.3.1/../../../../arm-atollic-eabi/lib/armv7e-m/fpu\libc_nano.a(lib_a-nano-vfprintf_i.o)
 .ARM.attributes
                0x0000089a       0x34 c:/program files (x86)/atollic/truestudio for stm32 9.2.0/armtools/bin/../lib/gcc/arm-atollic-eabi/6.3.1/../../../../arm-atollic-eabi/lib/armv7e-m/fpu\libc_nano.a(lib_a-readr.o)
 .ARM.attributes
                0x000008ce       0x34 c:/program files (x86)/atollic/truestudio for stm32 9.2.0/armtools/bin/../lib/gcc/arm-atollic-eabi/6.3.1/../../../../arm-atollic-eabi/lib/armv7e-m/fpu\libc_nano.a(lib_a-reent.o)
 .ARM.attributes
                0x00000902       0x34 c:/program files (x86)/atollic/truestudio for stm32 9.2.0/armtools/bin/../lib/gcc/arm-atollic-eabi/6.3.1/../../../../arm-atollic-eabi/lib/armv7e-m/fpu\libc_nano.a(lib_a-fstatr.o)
 .ARM.attributes
                0x00000936       0x34 c:/program files (x86)/atollic/truestudio for stm32 9.2.0/armtools/bin/../lib/gcc/arm-atollic-eabi/6.3.1/../../../../arm-atollic-eabi/lib/armv7e-m/fpu\libc_nano.a(lib_a-isattyr.o)
 .ARM.attributes
                0x0000096a       0x20 c:/program files (x86)/atollic/truestudio for stm32 9.2.0/armtools/bin/../lib/gcc/arm-atollic-eabi/6.3.1/../../../../arm-atollic-eabi/lib/armv7e-m/fpu\libc_nano.a(lib_a-memchr.o)
 .ARM.attributes
                0x0000098a       0x22 c:/program files (x86)/atollic/truestudio for stm32 9.2.0/armtools/bin/../lib/gcc/arm-atollic-eabi/6.3.1/armv7e-m/fpu\libgcc.a(_aeabi_uldivmod.o)
 .ARM.attributes
                0x000009ac       0x34 c:/program files (x86)/atollic/truestudio for stm32 9.2.0/armtools/bin/../lib/gcc/arm-atollic-eabi/6.3.1/armv7e-m/fpu\libgcc.a(_udivmoddi4.o)
 .ARM.attributes
                0x000009e0       0x22 c:/program files (x86)/atollic/truestudio for stm32 9.2.0/armtools/bin/../lib/gcc/arm-atollic-eabi/6.3.1/armv7e-m/fpu\libgcc.a(_dvmd_tls.o)
 .ARM.attributes
                0x00000a02       0x22 c:/program files (x86)/atollic/truestudio for stm32 9.2.0/armtools/bin/../lib/gcc/arm-atollic-eabi/6.3.1/armv7e-m/fpu/crtn.o
OUTPUT(W5500_loopback.elf elf32-littlearm)

.debug_info     0x00000000     0xea4d
 .debug_info    0x00000000      0x983 Drivers\STM32F4xx_HAL_Driver\Src\stm32f4xx_hal.o
 .debug_info    0x00000983      0xea9 Drivers\STM32F4xx_HAL_Driver\Src\stm32f4xx_hal_cortex.o
 .debug_info    0x0000182c      0xa44 Drivers\STM32F4xx_HAL_Driver\Src\stm32f4xx_hal_dma.o
 .debug_info    0x00002270      0x79d Drivers\STM32F4xx_HAL_Driver\Src\stm32f4xx_hal_gpio.o
 .debug_info    0x00002a0d      0xa81 Drivers\STM32F4xx_HAL_Driver\Src\stm32f4xx_hal_rcc.o
 .debug_info    0x0000348e     0x1d92 Drivers\STM32F4xx_HAL_Driver\Src\stm32f4xx_hal_spi.o
 .debug_info    0x00005220     0x16c1 Drivers\STM32F4xx_HAL_Driver\Src\stm32f4xx_hal_uart.o
 .debug_info    0x000068e1     0x1878 Src\main.o
 .debug_info    0x00008159      0xed8 Src\stm32f4xx_hal_msp.o
 .debug_info    0x00009031      0x646 Src\stm32f4xx_it.o
 .debug_info    0x00009677      0xfe1 Src\syscalls.o
 .debug_info    0x0000a658      0x534 Src\system_stm32f4xx.o
 .debug_info    0x0000ab8c     0x10ec ioLibrary_Driver-master\Application\loopback\loopback.o
 .debug_info    0x0000bc78      0x840 ioLibrary_Driver-master\Ethernet\W5500\w5500.o
 .debug_info    0x0000c4b8     0x128c ioLibrary_Driver-master\Ethernet\socket.o
 .debug_info    0x0000d744     0x127d ioLibrary_Driver-master\Ethernet\wizchip_conf.o
 .debug_info    0x0000e9c1       0x8c startup\startup_stm32f411xe.o

.debug_abbrev   0x00000000     0x28e3
 .debug_abbrev  0x00000000      0x268 Drivers\STM32F4xx_HAL_Driver\Src\stm32f4xx_hal.o
 .debug_abbrev  0x00000268      0x314 Drivers\STM32F4xx_HAL_Driver\Src\stm32f4xx_hal_cortex.o
 .debug_abbrev  0x0000057c      0x2b0 Drivers\STM32F4xx_HAL_Driver\Src\stm32f4xx_hal_dma.o
 .debug_abbrev  0x0000082c      0x1ef Drivers\STM32F4xx_HAL_Driver\Src\stm32f4xx_hal_gpio.o
 .debug_abbrev  0x00000a1b      0x2cb Drivers\STM32F4xx_HAL_Driver\Src\stm32f4xx_hal_rcc.o
 .debug_abbrev  0x00000ce6      0x335 Drivers\STM32F4xx_HAL_Driver\Src\stm32f4xx_hal_spi.o
 .debug_abbrev  0x0000101b      0x30a Drivers\STM32F4xx_HAL_Driver\Src\stm32f4xx_hal_uart.o
 .debug_abbrev  0x00001325      0x37d Src\main.o
 .debug_abbrev  0x000016a2      0x1d9 Src\stm32f4xx_hal_msp.o
 .debug_abbrev  0x0000187b      0x1b5 Src\stm32f4xx_it.o
 .debug_abbrev  0x00001a30      0x2d9 Src\syscalls.o
 .debug_abbrev  0x00001d09      0x10e Src\system_stm32f4xx.o
 .debug_abbrev  0x00001e17      0x241 ioLibrary_Driver-master\Application\loopback\loopback.o
 .debug_abbrev  0x00002058      0x251 ioLibrary_Driver-master\Ethernet\W5500\w5500.o
 .debug_abbrev  0x000022a9      0x252 ioLibrary_Driver-master\Ethernet\socket.o
 .debug_abbrev  0x000024fb      0x3d6 ioLibrary_Driver-master\Ethernet\wizchip_conf.o
 .debug_abbrev  0x000028d1       0x12 startup\startup_stm32f411xe.o

.debug_loc      0x00000000     0x6dec
 .debug_loc     0x00000000      0x11b Drivers\STM32F4xx_HAL_Driver\Src\stm32f4xx_hal.o
 .debug_loc     0x0000011b      0x4fb Drivers\STM32F4xx_HAL_Driver\Src\stm32f4xx_hal_cortex.o
 .debug_loc     0x00000616      0x727 Drivers\STM32F4xx_HAL_Driver\Src\stm32f4xx_hal_dma.o
 .debug_loc     0x00000d3d      0x321 Drivers\STM32F4xx_HAL_Driver\Src\stm32f4xx_hal_gpio.o
 .debug_loc     0x0000105e      0x336 Drivers\STM32F4xx_HAL_Driver\Src\stm32f4xx_hal_rcc.o
 .debug_loc     0x00001394     0x1830 Drivers\STM32F4xx_HAL_Driver\Src\stm32f4xx_hal_spi.o
 .debug_loc     0x00002bc4     0x1335 Drivers\STM32F4xx_HAL_Driver\Src\stm32f4xx_hal_uart.o
 .debug_loc     0x00003ef9       0xcf Src\main.o
 .debug_loc     0x00003fc8       0xb0 Src\stm32f4xx_hal_msp.o
 .debug_loc     0x00004078      0x3ef Src\syscalls.o
 .debug_loc     0x00004467      0x11c Src\system_stm32f4xx.o
 .debug_loc     0x00004583      0x533 ioLibrary_Driver-master\Application\loopback\loopback.o
 .debug_loc     0x00004ab6      0x5a6 ioLibrary_Driver-master\Ethernet\W5500\w5500.o
 .debug_loc     0x0000505c     0x125c ioLibrary_Driver-master\Ethernet\socket.o
 .debug_loc     0x000062b8      0xb34 ioLibrary_Driver-master\Ethernet\wizchip_conf.o

.debug_aranges  0x00000000      0xa08
 .debug_aranges
                0x00000000       0xe8 Drivers\STM32F4xx_HAL_Driver\Src\stm32f4xx_hal.o
 .debug_aranges
                0x000000e8       0xa8 Drivers\STM32F4xx_HAL_Driver\Src\stm32f4xx_hal_cortex.o
 .debug_aranges
                0x00000190       0x80 Drivers\STM32F4xx_HAL_Driver\Src\stm32f4xx_hal_dma.o
 .debug_aranges
                0x00000210       0x58 Drivers\STM32F4xx_HAL_Driver\Src\stm32f4xx_hal_gpio.o
 .debug_aranges
                0x00000268       0x88 Drivers\STM32F4xx_HAL_Driver\Src\stm32f4xx_hal_rcc.o
 .debug_aranges
                0x000002f0      0x188 Drivers\STM32F4xx_HAL_Driver\Src\stm32f4xx_hal_spi.o
 .debug_aranges
                0x00000478      0x170 Drivers\STM32F4xx_HAL_Driver\Src\stm32f4xx_hal_uart.o
 .debug_aranges
                0x000005e8       0x70 Src\main.o
 .debug_aranges
                0x00000658       0x40 Src\stm32f4xx_hal_msp.o
 .debug_aranges
                0x00000698       0x50 Src\stm32f4xx_it.o
 .debug_aranges
                0x000006e8       0xb0 Src\syscalls.o
 .debug_aranges
                0x00000798       0x28 Src\system_stm32f4xx.o
 .debug_aranges
                0x000007c0       0x30 ioLibrary_Driver-master\Application\loopback\loopback.o
 .debug_aranges
                0x000007f0       0x60 ioLibrary_Driver-master\Ethernet\W5500\w5500.o
 .debug_aranges
                0x00000850       0x78 ioLibrary_Driver-master\Ethernet\socket.o
 .debug_aranges
                0x000008c8      0x118 ioLibrary_Driver-master\Ethernet\wizchip_conf.o
 .debug_aranges
                0x000009e0       0x28 startup\startup_stm32f411xe.o

.debug_ranges   0x00000000      0xc68
 .debug_ranges  0x00000000       0xd8 Drivers\STM32F4xx_HAL_Driver\Src\stm32f4xx_hal.o
 .debug_ranges  0x000000d8      0x128 Drivers\STM32F4xx_HAL_Driver\Src\stm32f4xx_hal_cortex.o
 .debug_ranges  0x00000200       0xc8 Drivers\STM32F4xx_HAL_Driver\Src\stm32f4xx_hal_dma.o
 .debug_ranges  0x000002c8       0x68 Drivers\STM32F4xx_HAL_Driver\Src\stm32f4xx_hal_gpio.o
 .debug_ranges  0x00000330       0xb0 Drivers\STM32F4xx_HAL_Driver\Src\stm32f4xx_hal_rcc.o
 .debug_ranges  0x000003e0      0x238 Drivers\STM32F4xx_HAL_Driver\Src\stm32f4xx_hal_spi.o
 .debug_ranges  0x00000618      0x178 Drivers\STM32F4xx_HAL_Driver\Src\stm32f4xx_hal_uart.o
 .debug_ranges  0x00000790      0x150 Src\main.o
 .debug_ranges  0x000008e0       0x78 Src\stm32f4xx_hal_msp.o
 .debug_ranges  0x00000958       0x40 Src\stm32f4xx_it.o
 .debug_ranges  0x00000998       0xa0 Src\syscalls.o
 .debug_ranges  0x00000a38       0x18 Src\system_stm32f4xx.o
 .debug_ranges  0x00000a50       0x20 ioLibrary_Driver-master\Application\loopback\loopback.o
 .debug_ranges  0x00000a70       0x50 ioLibrary_Driver-master\Ethernet\W5500\w5500.o
 .debug_ranges  0x00000ac0       0x80 ioLibrary_Driver-master\Ethernet\socket.o
 .debug_ranges  0x00000b40      0x108 ioLibrary_Driver-master\Ethernet\wizchip_conf.o
 .debug_ranges  0x00000c48       0x20 startup\startup_stm32f411xe.o

.debug_line     0x00000000     0x5667
 .debug_line    0x00000000      0x4d2 Drivers\STM32F4xx_HAL_Driver\Src\stm32f4xx_hal.o
 .debug_line    0x000004d2      0x50d Drivers\STM32F4xx_HAL_Driver\Src\stm32f4xx_hal_cortex.o
 .debug_line    0x000009df      0x626 Drivers\STM32F4xx_HAL_Driver\Src\stm32f4xx_hal_dma.o
 .debug_line    0x00001005      0x480 Drivers\STM32F4xx_HAL_Driver\Src\stm32f4xx_hal_gpio.o
 .debug_line    0x00001485      0x5ab Drivers\STM32F4xx_HAL_Driver\Src\stm32f4xx_hal_rcc.o
 .debug_line    0x00001a30      0xc32 Drivers\STM32F4xx_HAL_Driver\Src\stm32f4xx_hal_spi.o
 .debug_line    0x00002662      0xc2d Drivers\STM32F4xx_HAL_Driver\Src\stm32f4xx_hal_uart.o
 .debug_line    0x0000328f      0x503 Src\main.o
 .debug_line    0x00003792      0x393 Src\stm32f4xx_hal_msp.o
 .debug_line    0x00003b25      0x33c Src\stm32f4xx_it.o
 .debug_line    0x00003e61      0x3bb Src\syscalls.o
 .debug_line    0x0000421c      0x258 Src\system_stm32f4xx.o
 .debug_line    0x00004474      0x3e1 ioLibrary_Driver-master\Application\loopback\loopback.o
 .debug_line    0x00004855      0x2dd ioLibrary_Driver-master\Ethernet\W5500\w5500.o
 .debug_line    0x00004b32      0x53a ioLibrary_Driver-master\Ethernet\socket.o
 .debug_line    0x0000506c      0x57c ioLibrary_Driver-master\Ethernet\wizchip_conf.o
 .debug_line    0x000055e8       0x7f startup\startup_stm32f411xe.o

.debug_str      0x00000000     0x3934
 .debug_str     0x00000000      0xa15 Drivers\STM32F4xx_HAL_Driver\Src\stm32f4xx_hal.o
                                0xa83 (size before relaxing)
 .debug_str     0x00000a15      0x4a8 Drivers\STM32F4xx_HAL_Driver\Src\stm32f4xx_hal_cortex.o
                                0xb3c (size before relaxing)
 .debug_str     0x00000ebd      0x52c Drivers\STM32F4xx_HAL_Driver\Src\stm32f4xx_hal_dma.o
                                0x7e0 (size before relaxing)
 .debug_str     0x000013e9      0x1de Drivers\STM32F4xx_HAL_Driver\Src\stm32f4xx_hal_gpio.o
                                0x56c (size before relaxing)
 .debug_str     0x000015c7      0x2e9 Drivers\STM32F4xx_HAL_Driver\Src\stm32f4xx_hal_rcc.o
                                0x73f (size before relaxing)
 .debug_str     0x000018b0      0x6fe Drivers\STM32F4xx_HAL_Driver\Src\stm32f4xx_hal_spi.o
                                0xc43 (size before relaxing)
 .debug_str     0x00001fae      0x67d Drivers\STM32F4xx_HAL_Driver\Src\stm32f4xx_hal_uart.o
                                0xc82 (size before relaxing)
 .debug_str     0x0000262b      0x33c Src\main.o
                                0xecc (size before relaxing)
 .debug_str     0x00002967       0x1b Src\stm32f4xx_hal_msp.o
                                0xdbb (size before relaxing)
 .debug_str     0x00002982       0xb8 Src\stm32f4xx_it.o
                                0x707 (size before relaxing)
 .debug_str     0x00002a3a      0x60a Src\syscalls.o
                                0x88e (size before relaxing)
 .debug_str     0x00003044       0x45 Src\system_stm32f4xx.o
                                0x3d0 (size before relaxing)
 .debug_str     0x00003089       0xd3 ioLibrary_Driver-master\Application\loopback\loopback.o
                                0x7c6 (size before relaxing)
 .debug_str     0x0000315c       0xab ioLibrary_Driver-master\Ethernet\W5500\w5500.o
                                0x356 (size before relaxing)
 .debug_str     0x00003207      0x251 ioLibrary_Driver-master\Ethernet\socket.o
                                0x5b0 (size before relaxing)
 .debug_str     0x00003458      0x4dc ioLibrary_Driver-master\Ethernet\wizchip_conf.o
                                0x96f (size before relaxing)

.comment        0x00000000       0x7c
 .comment       0x00000000       0x7c Drivers\STM32F4xx_HAL_Driver\Src\stm32f4xx_hal.o
                                 0x7d (size before relaxing)
 .comment       0x0000007c       0x7d Drivers\STM32F4xx_HAL_Driver\Src\stm32f4xx_hal_cortex.o
 .comment       0x0000007c       0x7d Drivers\STM32F4xx_HAL_Driver\Src\stm32f4xx_hal_dma.o
 .comment       0x0000007c       0x7d Drivers\STM32F4xx_HAL_Driver\Src\stm32f4xx_hal_gpio.o
 .comment       0x0000007c       0x7d Drivers\STM32F4xx_HAL_Driver\Src\stm32f4xx_hal_rcc.o
 .comment       0x0000007c       0x7d Drivers\STM32F4xx_HAL_Driver\Src\stm32f4xx_hal_spi.o
 .comment       0x0000007c       0x7d Drivers\STM32F4xx_HAL_Driver\Src\stm32f4xx_hal_uart.o
 .comment       0x0000007c       0x7d Src\main.o
 .comment       0x0000007c       0x7d Src\stm32f4xx_hal_msp.o
 .comment       0x0000007c       0x7d Src\stm32f4xx_it.o
 .comment       0x0000007c       0x7d Src\syscalls.o
 .comment       0x0000007c       0x7d Src\system_stm32f4xx.o
 .comment       0x0000007c       0x7d ioLibrary_Driver-master\Application\loopback\loopback.o
 .comment       0x0000007c       0x7d ioLibrary_Driver-master\Ethernet\W5500\w5500.o
 .comment       0x0000007c       0x7d ioLibrary_Driver-master\Ethernet\socket.o
 .comment       0x0000007c       0x7d ioLibrary_Driver-master\Ethernet\wizchip_conf.o

.debug_frame    0x00000000     0x2404
 .debug_frame   0x00000000      0x1f0 Drivers\STM32F4xx_HAL_Driver\Src\stm32f4xx_hal.o
 .debug_frame   0x000001f0      0x158 Drivers\STM32F4xx_HAL_Driver\Src\stm32f4xx_hal_cortex.o
 .debug_frame   0x00000348      0x150 Drivers\STM32F4xx_HAL_Driver\Src\stm32f4xx_hal_dma.o
 .debug_frame   0x00000498       0xd8 Drivers\STM32F4xx_HAL_Driver\Src\stm32f4xx_hal_gpio.o
 .debug_frame   0x00000570      0x13c Drivers\STM32F4xx_HAL_Driver\Src\stm32f4xx_hal_rcc.o
 .debug_frame   0x000006ac      0x574 Drivers\STM32F4xx_HAL_Driver\Src\stm32f4xx_hal_spi.o
 .debug_frame   0x00000c20      0x4a0 Drivers\STM32F4xx_HAL_Driver\Src\stm32f4xx_hal_uart.o
 .debug_frame   0x000010c0      0x134 Src\main.o
 .debug_frame   0x000011f4       0x98 Src\stm32f4xx_hal_msp.o
 .debug_frame   0x0000128c       0xb0 Src\stm32f4xx_it.o
 .debug_frame   0x0000133c      0x1a8 Src\syscalls.o
 .debug_frame   0x000014e4       0x38 Src\system_stm32f4xx.o
 .debug_frame   0x0000151c       0x94 ioLibrary_Driver-master\Application\loopback\loopback.o
 .debug_frame   0x000015b0      0x178 ioLibrary_Driver-master\Ethernet\W5500\w5500.o
 .debug_frame   0x00001728      0x1bc ioLibrary_Driver-master\Ethernet\socket.o
 .debug_frame   0x000018e4      0x350 ioLibrary_Driver-master\Ethernet\wizchip_conf.o
 .debug_frame   0x00001c34       0x20 c:/program files (x86)/atollic/truestudio for stm32 9.2.0/armtools/bin/../lib/gcc/arm-atollic-eabi/6.3.1/../../../../arm-atollic-eabi/lib/armv7e-m/fpu\libc_nano.a(lib_a-errno.o)
 .debug_frame   0x00001c54       0x2c c:/program files (x86)/atollic/truestudio for stm32 9.2.0/armtools/bin/../lib/gcc/arm-atollic-eabi/6.3.1/../../../../arm-atollic-eabi/lib/armv7e-m/fpu\libc_nano.a(lib_a-init.o)
 .debug_frame   0x00001c80       0x20 c:/program files (x86)/atollic/truestudio for stm32 9.2.0/armtools/bin/../lib/gcc/arm-atollic-eabi/6.3.1/../../../../arm-atollic-eabi/lib/armv7e-m/fpu\libc_nano.a(lib_a-memset.o)
 .debug_frame   0x00001ca0       0x38 c:/program files (x86)/atollic/truestudio for stm32 9.2.0/armtools/bin/../lib/gcc/arm-atollic-eabi/6.3.1/../../../../arm-atollic-eabi/lib/armv7e-m/fpu\libc_nano.a(lib_a-nano-freer.o)
 .debug_frame   0x00001cd8       0x2c c:/program files (x86)/atollic/truestudio for stm32 9.2.0/armtools/bin/../lib/gcc/arm-atollic-eabi/6.3.1/../../../../arm-atollic-eabi/lib/armv7e-m/fpu\libc_nano.a(lib_a-nano-mallocr.o)
 .debug_frame   0x00001d04       0x74 c:/program files (x86)/atollic/truestudio for stm32 9.2.0/armtools/bin/../lib/gcc/arm-atollic-eabi/6.3.1/../../../../arm-atollic-eabi/lib/armv7e-m/fpu\libc_nano.a(lib_a-printf.o)
 .debug_frame   0x00001d78       0x3c c:/program files (x86)/atollic/truestudio for stm32 9.2.0/armtools/bin/../lib/gcc/arm-atollic-eabi/6.3.1/../../../../arm-atollic-eabi/lib/armv7e-m/fpu\libc_nano.a(lib_a-puts.o)
 .debug_frame   0x00001db4       0x2c c:/program files (x86)/atollic/truestudio for stm32 9.2.0/armtools/bin/../lib/gcc/arm-atollic-eabi/6.3.1/../../../../arm-atollic-eabi/lib/armv7e-m/fpu\libc_nano.a(lib_a-sbrkr.o)
 .debug_frame   0x00001de0       0x88 c:/program files (x86)/atollic/truestudio for stm32 9.2.0/armtools/bin/../lib/gcc/arm-atollic-eabi/6.3.1/../../../../arm-atollic-eabi/lib/armv7e-m/fpu\libc_nano.a(lib_a-stdio.o)
 .debug_frame   0x00001e68       0x40 c:/program files (x86)/atollic/truestudio for stm32 9.2.0/armtools/bin/../lib/gcc/arm-atollic-eabi/6.3.1/../../../../arm-atollic-eabi/lib/armv7e-m/fpu\libc_nano.a(lib_a-wbuf.o)
 .debug_frame   0x00001ea8       0x2c c:/program files (x86)/atollic/truestudio for stm32 9.2.0/armtools/bin/../lib/gcc/arm-atollic-eabi/6.3.1/../../../../arm-atollic-eabi/lib/armv7e-m/fpu\libc_nano.a(lib_a-writer.o)
 .debug_frame   0x00001ed4       0x2c c:/program files (x86)/atollic/truestudio for stm32 9.2.0/armtools/bin/../lib/gcc/arm-atollic-eabi/6.3.1/../../../../arm-atollic-eabi/lib/armv7e-m/fpu\libc_nano.a(lib_a-wsetup.o)
 .debug_frame   0x00001f00       0x2c c:/program files (x86)/atollic/truestudio for stm32 9.2.0/armtools/bin/../lib/gcc/arm-atollic-eabi/6.3.1/../../../../arm-atollic-eabi/lib/armv7e-m/fpu\libc_nano.a(lib_a-closer.o)
 .debug_frame   0x00001f2c       0x68 c:/program files (x86)/atollic/truestudio for stm32 9.2.0/armtools/bin/../lib/gcc/arm-atollic-eabi/6.3.1/../../../../arm-atollic-eabi/lib/armv7e-m/fpu\libc_nano.a(lib_a-fflush.o)
 .debug_frame   0x00001f94      0x11c c:/program files (x86)/atollic/truestudio for stm32 9.2.0/armtools/bin/../lib/gcc/arm-atollic-eabi/6.3.1/../../../../arm-atollic-eabi/lib/armv7e-m/fpu\libc_nano.a(lib_a-findfp.o)
 .debug_frame   0x000020b0       0x54 c:/program files (x86)/atollic/truestudio for stm32 9.2.0/armtools/bin/../lib/gcc/arm-atollic-eabi/6.3.1/../../../../arm-atollic-eabi/lib/armv7e-m/fpu\libc_nano.a(lib_a-fwalk.o)
 .debug_frame   0x00002104       0x2c c:/program files (x86)/atollic/truestudio for stm32 9.2.0/armtools/bin/../lib/gcc/arm-atollic-eabi/6.3.1/../../../../arm-atollic-eabi/lib/armv7e-m/fpu\libc_nano.a(lib_a-lseekr.o)
 .debug_frame   0x00002130       0x58 c:/program files (x86)/atollic/truestudio for stm32 9.2.0/armtools/bin/../lib/gcc/arm-atollic-eabi/6.3.1/../../../../arm-atollic-eabi/lib/armv7e-m/fpu\libc_nano.a(lib_a-makebuf.o)
 .debug_frame   0x00002188       0x30 c:/program files (x86)/atollic/truestudio for stm32 9.2.0/armtools/bin/../lib/gcc/arm-atollic-eabi/6.3.1/../../../../arm-atollic-eabi/lib/armv7e-m/fpu\libc_nano.a(lib_a-mlock.o)
 .debug_frame   0x000021b8       0xac c:/program files (x86)/atollic/truestudio for stm32 9.2.0/armtools/bin/../lib/gcc/arm-atollic-eabi/6.3.1/../../../../arm-atollic-eabi/lib/armv7e-m/fpu\libc_nano.a(lib_a-nano-vfprintf.o)
 .debug_frame   0x00002264       0x60 c:/program files (x86)/atollic/truestudio for stm32 9.2.0/armtools/bin/../lib/gcc/arm-atollic-eabi/6.3.1/../../../../arm-atollic-eabi/lib/armv7e-m/fpu\libc_nano.a(lib_a-nano-vfprintf_i.o)
 .debug_frame   0x000022c4       0x2c c:/program files (x86)/atollic/truestudio for stm32 9.2.0/armtools/bin/../lib/gcc/arm-atollic-eabi/6.3.1/../../../../arm-atollic-eabi/lib/armv7e-m/fpu\libc_nano.a(lib_a-readr.o)
 .debug_frame   0x000022f0       0x5c c:/program files (x86)/atollic/truestudio for stm32 9.2.0/armtools/bin/../lib/gcc/arm-atollic-eabi/6.3.1/../../../../arm-atollic-eabi/lib/armv7e-m/fpu\libc_nano.a(lib_a-reent.o)
 .debug_frame   0x0000234c       0x2c c:/program files (x86)/atollic/truestudio for stm32 9.2.0/armtools/bin/../lib/gcc/arm-atollic-eabi/6.3.1/../../../../arm-atollic-eabi/lib/armv7e-m/fpu\libc_nano.a(lib_a-fstatr.o)
 .debug_frame   0x00002378       0x2c c:/program files (x86)/atollic/truestudio for stm32 9.2.0/armtools/bin/../lib/gcc/arm-atollic-eabi/6.3.1/../../../../arm-atollic-eabi/lib/armv7e-m/fpu\libc_nano.a(lib_a-isattyr.o)
 .debug_frame   0x000023a4       0x2c c:/program files (x86)/atollic/truestudio for stm32 9.2.0/armtools/bin/../lib/gcc/arm-atollic-eabi/6.3.1/armv7e-m/fpu\libgcc.a(_aeabi_uldivmod.o)
 .debug_frame   0x000023d0       0x34 c:/program files (x86)/atollic/truestudio for stm32 9.2.0/armtools/bin/../lib/gcc/arm-atollic-eabi/6.3.1/armv7e-m/fpu\libgcc.a(_udivmoddi4.o)
